Component: ARM Compiler 5.06 update 6 (build 750) Tool: armlink [4d35ed]

==============================================================================

Section Cross References

    adc.o(i.ADC_Configuration) refers to adc.o(i.init_GPIO) for init_GPIO
    adc.o(i.ADC_Configuration) refers to stm32f10x_rcc.o(i.RCC_APB2PeriphClockCmd) for RCC_APB2PeriphClockCmd
    adc.o(i.ADC_Configuration) refers to stm32f10x_rcc.o(i.RCC_ADCCLKConfig) for RCC_ADCCLKConfig
    adc.o(i.ADC_Configuration) refers to stm32f10x_gpio.o(i.GPIO_Init) for GPIO_Init
    adc.o(i.ADC_Configuration) refers to stm32f10x_adc.o(i.ADC_DeInit) for ADC_DeInit
    adc.o(i.ADC_Configuration) refers to stm32f10x_adc.o(i.ADC_Init) for ADC_Init
    adc.o(i.ADC_Configuration) refers to stm32f10x_adc.o(i.ADC_Cmd) for ADC_Cmd
    adc.o(i.ADC_Configuration) refers to stm32f10x_adc.o(i.ADC_ResetCalibration) for ADC_ResetCalibration
    adc.o(i.ADC_Configuration) refers to stm32f10x_adc.o(i.ADC_GetResetCalibrationStatus) for ADC_GetResetCalibrationStatus
    adc.o(i.ADC_Configuration) refers to stm32f10x_adc.o(i.ADC_StartCalibration) for ADC_StartCalibration
    adc.o(i.ADC_Configuration) refers to stm32f10x_adc.o(i.ADC_GetCalibrationStatus) for ADC_GetCalibrationStatus
    adc.o(i.ADC_Configuration) refers to stm32f10x_gpio.o(i.GPIO_SetBits) for GPIO_SetBits
    adc.o(i.ADC_Configuration) refers to adc.o(i.init_DMA) for init_DMA
    adc.o(i.calc) refers to stm32f10x_gpio.o(i.GPIO_WriteBit) for GPIO_WriteBit
    adc.o(i.calc) refers to delay.o(i.Delay_Us) for Delay_Us
    adc.o(i.calc) refers to adc.o(i.get_adc_avg) for get_adc_avg
    adc.o(i.calc) refers to dflt_clz.o(x$fpl$dfltu) for __aeabi_ui2d
    adc.o(i.calc) refers to dmul.o(x$fpl$dmul) for __aeabi_dmul
    adc.o(i.calc) refers to ddiv.o(x$fpl$ddiv) for __aeabi_ddiv
    adc.o(i.calc) refers to d2f.o(x$fpl$d2f) for __aeabi_d2f
    adc.o(i.calc) refers to f2d.o(x$fpl$f2d) for __aeabi_f2d
    adc.o(i.calc) refers to daddsub_clz.o(x$fpl$dsub) for __aeabi_dsub
    adc.o(i.calc) refers to adc.o(.data) for volMeasured
    adc.o(i.dust_convert) refers to fmul.o(x$fpl$fmul) for __aeabi_fmul
    adc.o(i.dust_convert) refers to ffix.o(x$fpl$ffix) for __aeabi_f2iz
    adc.o(i.getDustDensity) refers to adc.o(i.calc) for calc
    adc.o(i.getDustDensity) refers to adc.o(.data) for dustDensity
    adc.o(i.getVoltage) refers to adc.o(i.calc) for calc
    adc.o(i.getVoltage) refers to adc.o(.data) for volMeasured
    adc.o(i.get_adc) refers to stm32f10x_adc.o(i.ADC_RegularChannelConfig) for ADC_RegularChannelConfig
    adc.o(i.get_adc) refers to stm32f10x_adc.o(i.ADC_SoftwareStartConvCmd) for ADC_SoftwareStartConvCmd
    adc.o(i.get_adc) refers to stm32f10x_adc.o(i.ADC_GetFlagStatus) for ADC_GetFlagStatus
    adc.o(i.get_adc) refers to stm32f10x_adc.o(i.ADC_GetConversionValue) for ADC_GetConversionValue
    adc.o(i.get_adc_avg) refers to adc.o(i.get_adc) for get_adc
    adc.o(i.get_adc_avg) refers to delay.o(i.Delay_Us) for Delay_Us
    adc.o(i.init_DMA) refers to stm32f10x_rcc.o(i.RCC_APB2PeriphClockCmd) for RCC_APB2PeriphClockCmd
    adc.o(i.init_DMA) refers to stm32f10x_rcc.o(i.RCC_AHBPeriphClockCmd) for RCC_AHBPeriphClockCmd
    adc.o(i.init_DMA) refers to stm32f10x_dma.o(i.DMA_DeInit) for DMA_DeInit
    adc.o(i.init_DMA) refers to stm32f10x_dma.o(i.DMA_Init) for DMA_Init
    adc.o(i.init_DMA) refers to stm32f10x_dma.o(i.DMA_Cmd) for DMA_Cmd
    adc.o(i.init_DMA) refers to adc.o(.data) for ADC_convertedValue
    adc.o(i.init_GPIO) refers to stm32f10x_rcc.o(i.RCC_APB2PeriphClockCmd) for RCC_APB2PeriphClockCmd
    adc.o(i.init_GPIO) refers to stm32f10x_gpio.o(i.GPIO_Init) for GPIO_Init
    ccs811.o(i.CCS811_measure) refers to ccs811.o(i.CCS811_write) for CCS811_write
    ccs811.o(i.CCS811_measure) refers to ccs811.o(i.CCS811_read) for CCS811_read
    ccs811.o(i.CCS811_measure) refers to delay.o(i.Delay_Ms) for Delay_Ms
    ccs811.o(i.CCS811_read) refers to stm32f10x_gpio.o(i.GPIO_WriteBit) for GPIO_WriteBit
    ccs811.o(i.CCS811_read) refers to stm32f10x_i2c.o(i.I2C_GenerateSTART) for I2C_GenerateSTART
    ccs811.o(i.CCS811_read) refers to stm32f10x_i2c.o(i.I2C_GetFlagStatus) for I2C_GetFlagStatus
    ccs811.o(i.CCS811_read) refers to stm32f10x_i2c.o(i.I2C_SendData) for I2C_SendData
    ccs811.o(i.CCS811_read) refers to delay.o(i.Delay_Us) for Delay_Us
    ccs811.o(i.CCS811_read) refers to stm32f10x_i2c.o(i.I2C_AcknowledgeConfig) for I2C_AcknowledgeConfig
    ccs811.o(i.CCS811_read) refers to stm32f10x_i2c.o(i.I2C_ReceiveData) for I2C_ReceiveData
    ccs811.o(i.CCS811_read) refers to stm32f10x_i2c.o(i.I2C_GenerateSTOP) for I2C_GenerateSTOP
    ccs811.o(i.CCS811_start) refers to ccs811.o(i.CCS811_write) for CCS811_write
    ccs811.o(i.CCS811_start) refers to stm32f10x_i2c.o(i.I2C_GenerateSTOP) for I2C_GenerateSTOP
    ccs811.o(i.CCS811_start) refers to delay.o(i.Delay_Ms) for Delay_Ms
    ccs811.o(i.CCS811_start) refers to delay.o(i.Delay_Us) for Delay_Us
[...]
    .ARM.Collect$$rtexit$$00000002           0x080001bc   Section        0  rtexit2.o(.ARM.Collect$$rtexit$$00000002)
    .ARM.Collect$$rtexit$$00000003           0x080001bc   Section        4  rtexit2.o(.ARM.Collect$$rtexit$$00000003)
    .ARM.Collect$$rtexit$$00000004           0x080001c0   Section        6  rtexit2.o(.ARM.Collect$$rtexit$$00000004)
    .emb_text                                0x080001c8   Section      150  port.o(.emb_text)
    .text                                    0x08000260   Section       64  startup_stm32f10x_md.o(.text)
    .text                                    0x080002a0   Section      138  rt_memcpy_v6.o(.text)
    .text                                    0x0800032a   Section        0  heapauxi.o(.text)
    .text                                    0x08000330   Section      100  rt_memcpy_w.o(.text)
    .text                                    0x08000394   Section       74  sys_stackheap_outer.o(.text)
    .text                                    0x080003de   Section        0  exit.o(.text)
    .text                                    0x080003f0   Section        8  libspace.o(.text)
    .text                                    0x080003f8   Section        0  sys_exit.o(.text)
    .text                                    0x08000404   Section        2  use_no_semi.o(.text)
    .text                                    0x08000406   Section        0  indicate_semi.o(.text)
    i.ADC_Cmd                                0x08000406   Section        0  stm32f10x_adc.o(i.ADC_Cmd)
    i.ADC_Configuration                      0x0800041c   Section        0  adc.o(i.ADC_Configuration)
    i.ADC_DeInit                             0x080004b8   Section        0  stm32f10x_adc.o(i.ADC_DeInit)
    i.ADC_GetCalibrationStatus               0x08000514   Section        0  stm32f10x_adc.o(i.ADC_GetCalibrationStatus)
    i.ADC_GetConversionValue                 0x08000528   Section        0  stm32f10x_adc.o(i.ADC_GetConversionValue)
    i.ADC_GetFlagStatus                      0x08000530   Section        0  stm32f10x_adc.o(i.ADC_GetFlagStatus)
    i.ADC_GetResetCalibrationStatus          0x08000542   Section        0  stm32f10x_adc.o(i.ADC_GetResetCalibrationStatus)
    i.ADC_Init                               0x08000558   Section        0  stm32f10x_adc.o(i.ADC_Init)
    i.ADC_RegularChannelConfig               0x080005a8   Section        0  stm32f10x_adc.o(i.ADC_RegularChannelConfig)
    i.ADC_ResetCalibration                   0x08000660   Section        0  stm32f10x_adc.o(i.ADC_ResetCalibration)
    i.ADC_SoftwareStartConvCmd               0x0800066a   Section        0  stm32f10x_adc.o(i.ADC_SoftwareStartConvCmd)
    i.ADC_StartCalibration                   0x08000680   Section        0  stm32f10x_adc.o(i.ADC_StartCalibration)
    i.BusFault_Handler                       0x0800068a   Section        0  stm32f10x_it_1.o(i.BusFault_Handler)
    i.CCS811_measure                         0x0800068e   Section        0  ccs811.o(i.CCS811_measure)
    i.CCS811_read                            0x080006b0   Section        0  ccs811.o(i.CCS811_read)
    i.CCS811_start                           0x08000884   Section        0  ccs811.o(i.CCS811_start)
    i.CCS811_write                           0x080008d8   Section        0  ccs811.o(i.CCS811_write)
    i.DMA_Cmd                                0x080009d4   Section        0  stm32f10x_dma.o(i.DMA_Cmd)
    i.DMA_Configuration                      0x080009ec   Section        0  uart.o(i.DMA_Configuration)
    i.DMA_DeInit                             0x08000a2c   Section        0  stm32f10x_dma.o(i.DMA_DeInit)
    i.DMA_Init                               0x08000b78   Section        0  stm32f10x_dma.o(i.DMA_Init)
    i.DMA_Transfer                           0x08000bb4   Section        0  uart.o(i.DMA_Transfer)
    i.DebugMon_Handler                       0x08000be8   Section        0  stm32f10x_it_1.o(i.DebugMon_Handler)
    i.Delay_Ms                               0x08000bec   Section        0  delay.o(i.Delay_Ms)
    i.Delay_Us                               0x08000c14   Section        0  delay.o(i.Delay_Us)
    i.GPIO_Configuration                     0x08000c3c   Section        0  uart.o(i.GPIO_Configuration)
    i.GPIO_Init                              0x08000ca0   Section        0  stm32f10x_gpio.o(i.GPIO_Init)
    i.GPIO_PinRemapConfig                    0x08000db8   Section        0  stm32f10x_gpio.o(i.GPIO_PinRemapConfig)
    i.GPIO_ResetBits                         0x08000e48   Section        0  stm32f10x_gpio.o(i.GPIO_ResetBits)
    i.GPIO_SetBits                           0x08000e4c   Section        0  stm32f10x_gpio.o(i.GPIO_SetBits)
    i.GPIO_WriteBit                          0x08000e50   Section        0  stm32f10x_gpio.o(i.GPIO_WriteBit)
    i.HardFault_Handler                      0x08000e5a   Section        0  stm32f10x_it_1.o(i.HardFault_Handler)
    i.I2C_AcknowledgeConfig                  0x08000e5e   Section        0  stm32f10x_i2c.o(i.I2C_AcknowledgeConfig)
    i.I2C_Cmd                                0x08000e76   Section        0  stm32f10x_i2c.o(i.I2C_Cmd)
    i.I2C_Configuration                      0x08000e90   Section        0  ccs811.o(i.I2C_Configuration)
    i.I2C_GenerateSTART                      0x08000f64   Section        0  stm32f10x_i2c.o(i.I2C_GenerateSTART)
    i.I2C_GenerateSTOP                       0x08000f7c   Section        0  stm32f10x_i2c.o(i.I2C_GenerateSTOP)
    i.I2C_GetFlagStatus                      0x08000f94   Section        0  stm32f10x_i2c.o(i.I2C_GetFlagStatus)
    i.I2C_Init                               0x08000fd0   Section        0  stm32f10x_i2c.o(i.I2C_Init)
    i.I2C_ReceiveData                        0x080010bc   Section        0  stm32f10x_i2c.o(i.I2C_ReceiveData)
    i.I2C_SendData                           0x080010c4   Section        0  stm32f10x_i2c.o(i.I2C_SendData)
    i.KalmanFilter_GP2Y                      0x080010c8   Section        0  kalman.o(i.KalmanFilter_GP2Y)
    i.KalmanFilter_eCO2                      0x080010e4   Section        0  kalman.o(i.KalmanFilter_eCO2)
    i.KalmanFilter_eTVOC                     0x08001100   Section        0  kalman.o(i.KalmanFilter_eTVOC)
    i.MemManage_Handler                      0x0800111c   Section        0  stm32f10x_it_1.o(i.MemManage_Handler)
    i.NMI_Handler                            0x08001120   Section        0  stm32f10x_it_1.o(i.NMI_Handler)
    i.NVIC_Configuration                     0x08001124   Section        0  uart.o(i.NVIC_Configuration)
    i.NVIC_Init                              0x08001144   Section        0  misc.o(i.NVIC_Init)
    i.RCC_ADCCLKConfig                       0x080011b4   Section        0  stm32f10x_rcc.o(i.RCC_ADCCLKConfig)
    i.RCC_AHBPeriphClockCmd                  0x080011cc   Section        0  stm32f10x_rcc.o(i.RCC_AHBPeriphClockCmd)
    i.RCC_APB1PeriphClockCmd                 0x080011ec   Section        0  stm32f10x_rcc.o(i.RCC_APB1PeriphClockCmd)
    i.RCC_APB1PeriphResetCmd                 0x0800120c   Section        0  stm32f10x_rcc.o(i.RCC_APB1PeriphResetCmd)
    i.RCC_APB2PeriphClockCmd                 0x0800122c   Section        0  stm32f10x_rcc.o(i.RCC_APB2PeriphClockCmd)
    i.RCC_APB2PeriphResetCmd                 0x0800124c   Section        0  stm32f10x_rcc.o(i.RCC_APB2PeriphResetCmd)
    i.RCC_Configuration                      0x0800126c   Section        0  uart.o(i.RCC_Configuration)
    i.RCC_GetClocksFreq                      0x08001284   Section        0  stm32f10x_rcc.o(i.RCC_GetClocksFreq)
    i.SetSysClock                            0x08001358   Section        0  system_stm32f10x.o(i.SetSysClock)
    SetSysClock                              0x08001359   Thumb Code     8  system_stm32f10x.o(i.SetSysClock)
    i.SetSysClockTo72                        0x08001360   Section        0  system_stm32f10x.o(i.SetSysClockTo72)
    SetSysClockTo72                          0x08001361   Thumb Code   214  system_stm32f10x.o(i.SetSysClockTo72)
    i.SysTick_Handler                        0x08001440   Section        0  port.o(i.SysTick_Handler)
    i.SystemInit                             0x08001474   Section        0  system_stm32f10x.o(i.SystemInit)
    i.TIM4_Configuration                     0x080014d4   Section        0  delay.o(i.TIM4_Configuration)
    i.TIM_Cmd                                0x08001510   Section        0  stm32f10x_tim.o(i.TIM_Cmd)
    i.TIM_GetCounter                         0x08001528   Section        0  stm32f10x_tim.o(i.TIM_GetCounter)
    i.TIM_SetCounter                         0x0800152e   Section        0  stm32f10x_tim.o(i.TIM_SetCounter)
    i.TIM_TimeBaseInit                       0x08001534   Section        0  stm32f10x_tim.o(i.TIM_TimeBaseInit)
    i.USART1_IRQHandler                      0x080015d8   Section        0  uart.o(i.USART1_IRQHandler)
    i.USART_Cmd                              0x08001600   Section        0  stm32f10x_usart.o(i.USART_Cmd)
    i.USART_Configuration                    0x08001618   Section        0  uart.o(i.USART_Configuration)
    i.USART_GetITStatus                      0x08001654   Section        0  stm32f10x_usart.o(i.USART_GetITStatus)
    i.USART_ITConfig                         0x080016a8   Section        0  stm32f10x_usart.o(i.USART_ITConfig)
    i.USART_Init                             0x080016f4   Section        0  stm32f10x_usart.o(i.USART_Init)
    i.USART_int_InsertToBuffer               0x080017cc   Section        0  uart.o(i.USART_int_InsertToBuffer)
    i.UsageFault_Handler                     0x080017f8   Section        0  stm32f10x_it_1.o(i.UsageFault_Handler)
    i.calc                                   0x080017fc   Section        0  adc.o(i.calc)
    i.dust_convert                           0x080018a4   Section        0  adc.o(i.dust_convert)
    i.getDustDensity                         0x08001910   Section        0  adc.o(i.getDustDensity)
    i.getVoltage                             0x08001920   Section        0  adc.o(i.getVoltage)
    i.get_adc                                0x08001930   Section        0  adc.o(i.get_adc)
    i.get_adc_avg                            0x08001960   Section        0  adc.o(i.get_adc_avg)
    i.get_eCO2                               0x08001986   Section        0  ccs811.o(i.get_eCO2)
    i.get_eTVOC                              0x08001996   Section        0  ccs811.o(i.get_eTVOC)
    i.init_DMA                               0x080019a8   Section        0  adc.o(i.init_DMA)
    i.init_GPIO                              0x08001a0c   Section        0  adc.o(i.init_GPIO)
    i.main                                   0x08001a5c   Section        0  main.o(i.main)
    i.prvAddCurrentTaskToDelayedList         0x08001b9c   Section        0  tasks.o(i.prvAddCurrentTaskToDelayedList)
    prvAddCurrentTaskToDelayedList           0x08001b9d   Thumb Code   124  tasks.o(i.prvAddCurrentTaskToDelayedList)
    i.prvAddNewTaskToReadyList               0x08001c34   Section        0  tasks.o(i.prvAddNewTaskToReadyList)
    prvAddNewTaskToReadyList                 0x08001c35   Thumb Code   150  tasks.o(i.prvAddNewTaskToReadyList)
    i.prvCheckTasksWaitingTermination        0x08001ce8   Section        0  tasks.o(i.prvCheckTasksWaitingTermination)
    prvCheckTasksWaitingTermination          0x08001ce9   Thumb Code    60  tasks.o(i.prvCheckTasksWaitingTermination)
    i.prvCopyDataFromQueue                   0x08001d30   Section        0  queue.o(i.prvCopyDataFromQueue)
    prvCopyDataFromQueue                     0x08001d31   Thumb Code    42  queue.o(i.prvCopyDataFromQueue)
    i.prvCopyDataToQueue                     0x08001d5a   Section        0  queue.o(i.prvCopyDataToQueue)
    prvCopyDataToQueue                       0x08001d5b   Thumb Code   106  queue.o(i.prvCopyDataToQueue)
    i.prvDeleteTCB                           0x08001dc4   Section        0  tasks.o(i.prvDeleteTCB)
    prvDeleteTCB                             0x08001dc5   Thumb Code    18  tasks.o(i.prvDeleteTCB)
    i.prvHeapInit                            0x08001dd8   Section        0  heap_4.o(i.prvHeapInit)
    prvHeapInit                              0x08001dd9   Thumb Code    98  heap_4.o(i.prvHeapInit)
    i.prvIdleTask                            0x08001e54   Section        0  tasks.o(i.prvIdleTask)
    prvIdleTask                              0x08001e55   Thumb Code    32  tasks.o(i.prvIdleTask)
    i.prvInitialiseNewQueue                  0x08001e7c   Section        0  queue.o(i.prvInitialiseNewQueue)
    prvInitialiseNewQueue                    0x08001e7d   Thumb Code    38  queue.o(i.prvInitialiseNewQueue)
    i.prvInitialiseNewTask                   0x08001ea2   Section        0  tasks.o(i.prvInitialiseNewTask)
    prvInitialiseNewTask                     0x08001ea3   Thumb Code   138  tasks.o(i.prvInitialiseNewTask)
    i.prvInitialiseTaskLists                 0x08001f2c   Section        0  tasks.o(i.prvInitialiseTaskLists)
    prvInitialiseTaskLists                   0x08001f2d   Thumb Code    70  tasks.o(i.prvInitialiseTaskLists)
    i.prvInsertBlockIntoFreeList             0x08001f94   Section        0  heap_4.o(i.prvInsertBlockIntoFreeList)
    prvInsertBlockIntoFreeList               0x08001f95   Thumb Code    96  heap_4.o(i.prvInsertBlockIntoFreeList)
    i.prvIsQueueEmpty                        0x08001ffc   Section        0  queue.o(i.prvIsQueueEmpty)
    prvIsQueueEmpty                          0x08001ffd   Thumb Code    26  queue.o(i.prvIsQueueEmpty)
    i.prvIsQueueFull                         0x08002016   Section        0  queue.o(i.prvIsQueueFull)
    prvIsQueueFull                           0x08002017   Thumb Code    30  queue.o(i.prvIsQueueFull)
    i.prvResetNextTaskUnblockTime            0x08002034   Section        0  tasks.o(i.prvResetNextTaskUnblockTime)
    prvResetNextTaskUnblockTime              0x08002035   Thumb Code    40  tasks.o(i.prvResetNextTaskUnblockTime)
    i.prvTaskExitError                       0x08002064   Section        0  port.o(i.prvTaskExitError)
    prvTaskExitError                         0x08002065   Thumb Code    22  port.o(i.prvTaskExitError)
    i.prvUnlockQueue                         0x0800207a   Section        0  queue.o(i.prvUnlockQueue)
    prvUnlockQueue                           0x0800207b   Thumb Code   126  queue.o(i.prvUnlockQueue)
    i.pvPortMalloc                           0x080020f8   Section        0  heap_4.o(i.pvPortMalloc)
    i.pxPortInitialiseStack                  0x080021f4   Section        0  port.o(i.pxPortInitialiseStack)
    i.updateEstimate_GP2Y                    0x08002218   Section        0  kalman.o(i.updateEstimate_GP2Y)
    i.updateEstimate_eCO2                    0x080022fc   Section        0  kalman.o(i.updateEstimate_eCO2)
    i.updateEstimate_eTVOC                   0x080023e8   Section        0  kalman.o(i.updateEstimate_eTVOC)
    i.uxListRemove                           0x080024cc   Section        0  list.o(i.uxListRemove)
    i.vDustmeasureTask                       0x080024f4   Section        0  main.o(i.vDustmeasureTask)
    i.vIAQmeasureTask                        0x0800257c   Section        0  main.o(i.vIAQmeasureTask)
    i.vListInitialise                        0x08002668   Section        0  list.o(i.vListInitialise)
    i.vListInitialiseItem                    0x08002682   Section        0  list.o(i.vListInitialiseItem)
    i.vListInsert                            0x08002688   Section        0  list.o(i.vListInsert)
    i.vListInsertEnd                         0x080026bc   Section        0  list.o(i.vListInsertEnd)
    i.vPortEnterCritical                     0x080026d4   Section        0  port.o(i.vPortEnterCritical)
    i.vPortExitCritical                      0x080026f8   Section        0  port.o(i.vPortExitCritical)
    i.vPortFree                              0x08002718   Section        0  heap_4.o(i.vPortFree)
    i.vPortSetupTimerInterrupt               0x08002770   Section        0  port.o(i.vPortSetupTimerInterrupt)
    i.vStartupTask                           0x08002788   Section        0  main.o(i.vStartupTask)
    i.vTaskDelay                             0x08002838   Section        0  tasks.o(i.vTaskDelay)
    i.vTaskInternalSetTimeOutState           0x0800286c   Section        0  tasks.o(i.vTaskInternalSetTimeOutState)
    i.vTaskMissedYield                       0x08002884   Section        0  tasks.o(i.vTaskMissedYield)
    i.vTaskPlaceOnEventList                  0x08002890   Section        0  tasks.o(i.vTaskPlaceOnEventList)
    i.vTaskStartScheduler                    0x080028b0   Section        0  tasks.o(i.vTaskStartScheduler)
    i.vTaskSuspendAll                        0x0800291c   Section        0  tasks.o(i.vTaskSuspendAll)
    i.vTaskSwitchContext                     0x0800292c   Section        0  tasks.o(i.vTaskSwitchContext)
    i.vTransferTask                          0x0800298c   Section        0  main.o(i.vTransferTask)
    i.xPortStartScheduler                    0x08002a84   Section        0  port.o(i.xPortStartScheduler)
    i.xQueueGenericCreate                    0x08002ab8   Section        0  queue.o(i.xQueueGenericCreate)
    i.xQueueGenericReset                     0x08002aec   Section        0  queue.o(i.xQueueGenericReset)
    i.xQueueGenericSend                      0x08002b6c   Section        0  queue.o(i.xQueueGenericSend)
    i.xQueueReceive                          0x08002c84   Section        0  queue.o(i.xQueueReceive)
    i.xQueueSemaphoreTake                    0x08002d88   Section        0  queue.o(i.xQueueSemaphoreTake)
    i.xTaskCheckForTimeOut                   0x08002e78   Section        0  tasks.o(i.xTaskCheckForTimeOut)
    i.xTaskCreate                            0x08002ed8   Section        0  tasks.o(i.xTaskCreate)
    i.xTaskIncrementTick                     0x08002f38   Section        0  tasks.o(i.xTaskIncrementTick)
    i.xTaskRemoveFromEventList               0x08003054   Section        0  tasks.o(i.xTaskRemoveFromEventList)
    i.xTaskResumeAll                         0x080030d4   Section        0  tasks.o(i.xTaskResumeAll)
    x$fpl$d2f                                0x080031bc   Section       98  d2f.o(x$fpl$d2f)
    x$fpl$dadd                               0x08003220   Section      336  daddsub_clz.o(x$fpl$dadd)
    _dadd1                                   0x08003231   Thumb Code     0  daddsub_clz.o(x$fpl$dadd)
    x$fpl$ddiv                               0x08003370   Section      688  ddiv.o(x$fpl$ddiv)
    ddiv_entry                               0x08003377   Thumb Code     0  ddiv.o(x$fpl$ddiv)
    x$fpl$dfltu                              0x08003620   Section       38  dflt_clz.o(x$fpl$dfltu)
    x$fpl$dmul                               0x08003648   Section      340  dmul.o(x$fpl$dmul)
    x$fpl$dnaninf                            0x0800379c   Section      156  dnaninf.o(x$fpl$dnaninf)
    x$fpl$dretinf                            0x08003838   Section       12  dretinf.o(x$fpl$dretinf)
    x$fpl$drsb                               0x08003844   Section       22  daddsub_clz.o(x$fpl$drsb)
    x$fpl$dsub                               0x0800385c   Section      468  daddsub_clz.o(x$fpl$dsub)
    _dsub1                                   0x0800386d   Thumb Code     0  daddsub_clz.o(x$fpl$dsub)
    x$fpl$f2d                                0x08003a30   Section       86  f2d.o(x$fpl$f2d)
    x$fpl$fadd                               0x08003a88   Section      196  faddsub_clz.o(x$fpl$fadd)
    _fadd1                                   0x08003a97   Thumb Code     0  faddsub_clz.o(x$fpl$fadd)
    x$fpl$fdiv                               0x08003b4c   Section      388  fdiv.o(x$fpl$fdiv)
    _fdiv1                                   0x08003b4d   Thumb Code     0  fdiv.o(x$fpl$fdiv)
    x$fpl$ffix                               0x08003cd0   Section       54  ffix.o(x$fpl$ffix)
    x$fpl$ffixu                              0x08003d08   Section       62  ffixu.o(x$fpl$ffixu)
    x$fpl$ffltu                              0x08003d48   Section       38  fflt_clz.o(x$fpl$ffltu)
    x$fpl$fmul                               0x08003d70   Section      258  fmul.o(x$fpl$fmul)
    x$fpl$fnaninf                            0x08003e72   Section      140  fnaninf.o(x$fpl$fnaninf)
    x$fpl$fretinf                            0x08003efe   Section       10  fretinf.o(x$fpl$fretinf)
    x$fpl$fsub                               0x08003f08   Section      234  faddsub_clz.o(x$fpl$fsub)
    _fsub1                                   0x08003f17   Thumb Code     0  faddsub_clz.o(x$fpl$fsub)
    x$fpl$usenofp                            0x08003ff2   Section        0  usenofp.o(x$fpl$usenofp)
    .data                                    0x20000000   Section       16  adc.o(.data)
    .data                                    0x20000010   Section       72  kalman.o(.data)
    .data                                    0x20000058   Section       76  main.o(.data)
    xDustmeasureSemaphore                    0x20000058   Data           4  main.o(.data)
    xIAQmeasureSemaphore                     0x2000005c   Data           4  main.o(.data)
    xDataQueue                               0x20000060   Data           4  main.o(.data)
    .data                                    0x200000a4   Section       24  uart.o(.data)
    .data                                    0x200000bc   Section       20  stm32f10x_rcc.o(.data)
    APBAHBPrescTable                         0x200000bc   Data          16  stm32f10x_rcc.o(.data)
    ADCPrescTable                            0x200000cc   Data           4  stm32f10x_rcc.o(.data)
    .data                                    0x200000d0   Section       64  tasks.o(.data)
    pxDelayedTaskList                        0x200000d4   Data           4  tasks.o(.data)
    pxOverflowDelayedTaskList                0x200000d8   Data           4  tasks.o(.data)
    uxDeletedTasksWaitingCleanUp             0x200000dc   Data           4  tasks.o(.data)
    uxCurrentNumberOfTasks                   0x200000e0   Data           4  tasks.o(.data)
    xTickCount                               0x200000e4   Data           4  tasks.o(.data)
    uxTopReadyPriority                       0x200000e8   Data           4  tasks.o(.data)
    xSchedulerRunning                        0x200000ec   Data           4  tasks.o(.data)
    xPendedTicks                             0x200000f0   Data           4  tasks.o(.data)
    xYieldPending                            0x200000f4   Data           4  tasks.o(.data)
    xNumOfOverflows                          0x200000f8   Data           4  tasks.o(.data)
    uxTaskNumber                             0x200000fc   Data           4  tasks.o(.data)
    xNextTaskUnblockTime                     0x20000100   Data           4  tasks.o(.data)
    xIdleTaskHandle                          0x20000104   Data           4  tasks.o(.data)
    uxSchedulerSuspended                     0x2000010c   Data           4  tasks.o(.data)
    .data                                    0x20000110   Section       32  heap_4.o(.data)
    xStart                                   0x20000110   Data           8  heap_4.o(.data)
    pxEnd                                    0x20000118   Data           4  heap_4.o(.data)
    xFreeBytesRemaining                      0x2000011c   Data           4  heap_4.o(.data)
    xMinimumEverFreeBytesRemaining           0x20000120   Data           4  heap_4.o(.data)
    xNumberOfSuccessfulAllocations           0x20000124   Data           4  heap_4.o(.data)
    xNumberOfSuccessfulFrees                 0x20000128   Data           4  heap_4.o(.data)
    xBlockAllocatedBit                       0x2000012c   Data           4  heap_4.o(.data)
    .data                                    0x20000130   Section        4  port.o(.data)
    uxCriticalNesting                        0x20000130   Data           4  port.o(.data)
    .bss                                     0x20000134   Section       14  main.o(.bss)
    .bss                                     0x20000144   Section       76  uart.o(.bss)
    .bss                                     0x20000190   Section      200  tasks.o(.bss)
    pxReadyTasksLists                        0x20000190   Data         100  tasks.o(.bss)
    xDelayedTaskList1                        0x200001f4   Data          20  tasks.o(.bss)
    xDelayedTaskList2                        0x20000208   Data          20  tasks.o(.bss)
    xPendingReadyList                        0x2000021c   Data          20  tasks.o(.bss)
    xTasksWaitingTermination                 0x20000230   Data          20  tasks.o(.bss)
    xSuspendedTaskList                       0x20000244   Data          20  tasks.o(.bss)
    .bss                                     0x20000258   Section    17408  heap_4.o(.bss)
    ucHeap                                   0x20000258   Data       17408  heap_4.o(.bss)
    .bss                                     0x20004658   Section       96  libspace.o(.bss)
    HEAP                                     0x200046b8   Section      512  startup_stm32f10x_md.o(HEAP)
    Heap_Mem                                 0x200046b8   Data         512  startup_stm32f10x_md.o(HEAP)
    STACK                                    0x200048b8   Section     1024  startup_stm32f10x_md.o(STACK)
    Stack_Mem                                0x200048b8   Data        1024  startup_stm32f10x_md.o(STACK)
    __initial_sp                             0x20004cb8   Data           0  startup_stm32f10x_md.o(STACK)

    Global Symbols

    Symbol Name                              Value     Ov Type        Size  Object(Section)

    BuildAttributes$$THM_ISAv4$P$D$K$B$S$PE$A:L22UL41UL21$X:L11$S22US41US21$IEEE1$IW$USESV6$~STKCKD$USESV7$~SHL$OSPACE$ROPI$EBA8$UX$STANDARDLIB$REQ8$PRES8$EABIv2 0x00000000   Number         0  anon$$obj.o ABSOLUTE
    __ARM_use_no_argv                        0x00000000   Number         0  main.o ABSOLUTE
    __ARM_exceptions_init                     - Undefined Weak Reference
    __alloca_initialize                       - Undefined Weak Reference
    __arm_preinit_                            - Undefined Weak Reference
    __cpp_initialize__aeabi_                  - Undefined Weak Reference
    __cxa_finalize                            - Undefined Weak Reference
    __rt_locale                               - Undefined Weak Reference
    __sigvec_lookup                           - Undefined Weak Reference
    _atexit_init                              - Undefined Weak Reference
    _call_atexit_fns                          - Undefined Weak Reference
    _clock_init                               - Undefined Weak Reference
    _fp_trap_init                             - Undefined Weak Reference
    _fp_trap_shutdown                         - Undefined Weak Reference
    _get_lc_collate                           - Undefined Weak Reference
    _get_lc_ctype                             - Undefined Weak Reference
    _get_lc_monetary                          - Undefined Weak Reference
    _get_lc_numeric                           - Undefined Weak Reference
    _get_lc_time                              - Undefined Weak Reference
    _getenv_init                              - Undefined Weak Reference
    _handle_redirection                       - Undefined Weak Reference
    _init_alloc                               - Undefined Weak Reference
    _init_user_alloc                          - Undefined Weak Reference
    _initio                                   - Undefined Weak Reference
    _rand_init                                - Undefined Weak Reference
    _signal_finish                            - Undefined Weak Reference
    _signal_init                              - Undefined Weak Reference
    _terminate_alloc                          - Undefined Weak Reference
    _terminate_user_alloc                     - Undefined Weak Reference
    _terminateio                              - Undefined Weak Reference
    __Vectors_Size                           0x000000ec   Number         0  startup_stm32f10x_md.o ABSOLUTE
    __Vectors                                0x08000000   Data           4  startup_stm32f10x_md.o(RESET)
    __Vectors_End                            0x080000ec   Data           0  startup_stm32f10x_md.o(RESET)
    __main                                   0x080000ed   Thumb Code     8  __main.o(!!!main)
    __scatterload                            0x080000f5   Thumb Code     0  __scatter.o(!!!scatter)
    __scatterload_rt2                        0x080000f5   Thumb Code    44  __scatter.o(!!!scatter)
    __scatterload_rt2_thumb_only             0x080000f5   Thumb Code     0  __scatter.o(!!!scatter)
    __scatterload_null                       0x08000103   Thumb Code     0  __scatter.o(!!!scatter)
    __decompress                             0x08000129   Thumb Code    90  __dczerorl2.o(!!dczerorl2)
    __decompress1                            0x08000129   Thumb Code     0  __dczerorl2.o(!!dczerorl2)
    __scatterload_zeroinit                   0x08000185   Thumb Code    28  __scatter_zi.o(!!handler_zi)
    __rt_lib_init                            0x080001a1   Thumb Code     0  libinit.o(.ARM.Collect$$libinit$$00000000)
    __rt_lib_init_alloca_1                   0x080001a3   Thumb Code     0  libinit2.o(.ARM.Collect$$libinit$$0000002E)
    __rt_lib_init_argv_1                     0x080001a3   Thumb Code     0  libinit2.o(.ARM.Collect$$libinit$$0000002C)
    __rt_lib_init_atexit_1                   0x080001a3   Thumb Code     0  libinit2.o(.ARM.Collect$$libinit$$0000001B)
    __rt_lib_init_clock_1                    0x080001a3   Thumb Code     0  libinit2.o(.ARM.Collect$$libinit$$00000021)
    __rt_lib_init_cpp_1                      0x080001a3   Thumb Code     0  libinit2.o(.ARM.Collect$$libinit$$00000032)
    __rt_lib_init_exceptions_1               0x080001a3   Thumb Code     0  libinit2.o(.ARM.Collect$$libinit$$00000030)
    __rt_lib_init_fp_1                       0x080001a3   Thumb Code     0  libinit2.o(.ARM.Collect$$libinit$$00000002)
    __rt_lib_init_fp_trap_1                  0x080001a3   Thumb Code     0  libinit2.o(.ARM.Collect$$libinit$$0000001F)
    __rt_lib_init_getenv_1                   0x080001a3   Thumb Code     0  libinit2.o(.ARM.Collect$$libinit$$00000023)
    __rt_lib_init_heap_1                     0x080001a3   Thumb Code     0  libinit2.o(.ARM.Collect$$libinit$$0000000A)
    __rt_lib_init_lc_collate_1               0x080001a3   Thumb Code     0  libinit2.o(.ARM.Collect$$libinit$$00000011)
    __rt_lib_init_lc_ctype_1                 0x080001a3   Thumb Code     0  libinit2.o(.ARM.Collect$$libinit$$00000013)
    __rt_lib_init_lc_monetary_1              0x080001a3   Thumb Code     0  libinit2.o(.ARM.Collect$$libinit$$00000015)
    __rt_lib_init_lc_numeric_1               0x080001a3   Thumb Code     0  libinit2.o(.ARM.Collect$$libinit$$00000017)
    __rt_lib_init_lc_time_1                  0x080001a3   Thumb Code     0  libinit2.o(.ARM.Collect$$libinit$$00000019)
    __rt_lib_init_preinit_1                  0x080001a3   Thumb Code     0  libinit2.o(.ARM.Collect$$libinit$$00000004)
    __rt_lib_init_rand_1                     0x080001a3   Thumb Code     0  libinit2.o(.ARM.Collect$$libinit$$0000000E)
    __rt_lib_init_return                     0x080001a3   Thumb Code     0  libinit2.o(.ARM.Collect$$libinit$$00000033)
    __rt_lib_init_signal_1                   0x080001a3   Thumb Code     0  libinit2.o(.ARM.Collect$$libinit$$0000001D)
    __rt_lib_init_stdio_1                    0x080001a3   Thumb Code     0  libinit2.o(.ARM.Collect$$libinit$$00000025)
    __rt_lib_init_user_alloc_1               0x080001a3   Thumb Code     0  libinit2.o(.ARM.Collect$$libinit$$0000000C)
    __rt_lib_shutdown                        0x080001a5   Thumb Code     0  libshutdown.o(.ARM.Collect$$libshutdown$$00000000)
    __rt_lib_shutdown_cpp_1                  0x080001a7   Thumb Code     0  libshutdown2.o(.ARM.Collect$$libshutdown$$00000002)
    __rt_lib_shutdown_fp_trap_1              0x080001a7   Thumb Code     0  libshutdown2.o(.ARM.Collect$$libshutdown$$00000007)
    __rt_lib_shutdown_heap_1                 0x080001a7   Thumb Code     0  libshutdown2.o(.ARM.Collect$$libshutdown$$0000000F)
    __rt_lib_shutdown_return                 0x080001a7   Thumb Code     0  libshutdown2.o(.ARM.Collect$$libshutdown$$00000010)
    __rt_lib_shutdown_signal_1               0x080001a7   Thumb Code     0  libshutdown2.o(.ARM.Collect$$libshutdown$$0000000A)
    __rt_lib_shutdown_stdio_1                0x080001a7   Thumb Code     0  libshutdown2.o(.ARM.Collect$$libshutdown$$00000004)
    __rt_lib_shutdown_user_alloc_1           0x080001a7   Thumb Code     0  libshutdown2.o(.ARM.Collect$$libshutdown$$0000000C)
    __rt_entry                               0x080001a9   Thumb Code     0  __rtentry.o(.ARM.Collect$$rtentry$$00000000)
    __rt_entry_presh_1                       0x080001a9   Thumb Code     0  __rtentry2.o(.ARM.Collect$$rtentry$$00000002)
    __rt_entry_sh                            0x080001a9   Thumb Code     0  __rtentry4.o(.ARM.Collect$$rtentry$$00000004)
    __rt_entry_li                            0x080001af   Thumb Code     0  __rtentry2.o(.ARM.Collect$$rtentry$$0000000A)
    __rt_entry_postsh_1                      0x080001af   Thumb Code     0  __rtentry2.o(.ARM.Collect$$rtentry$$00000009)
    __rt_entry_main                          0x080001b3   Thumb Code     0  __rtentry2.o(.ARM.Collect$$rtentry$$0000000D)
    __rt_entry_postli_1                      0x080001b3   Thumb Code     0  __rtentry2.o(.ARM.Collect$$rtentry$$0000000C)
    __rt_exit                                0x080001bb   Thumb Code     0  rtexit.o(.ARM.Collect$$rtexit$$00000000)
    __rt_exit_ls                             0x080001bd   Thumb Code     0  rtexit2.o(.ARM.Collect$$rtexit$$00000003)
    __rt_exit_prels_1                        0x080001bd   Thumb Code     0  rtexit2.o(.ARM.Collect$$rtexit$$00000002)
    __rt_exit_exit                           0x080001c1   Thumb Code     0  rtexit2.o(.ARM.Collect$$rtexit$$00000004)
    SVC_Handler                              0x080001c9   Thumb Code    32  port.o(.emb_text)
    __asm___6_port_c_39a90d8d__prvStartFirstTask 0x080001ed   Thumb Code    28  port.o(.emb_text)
    PendSV_Handler                           0x0800020d   Thumb Code    72  port.o(.emb_text)
    vPortGetIPSR                             0x08000259   Thumb Code     6  port.o(.emb_text)
    Reset_Handler                            0x08000261   Thumb Code     8  startup_stm32f10x_md.o(.text)
    ADC1_2_IRQHandler                        0x0800027b   Thumb Code     0  startup_stm32f10x_md.o(.text)
    CAN1_RX1_IRQHandler                      0x0800027b   Thumb Code     0  startup_stm32f10x_md.o(.text)
    CAN1_SCE_IRQHandler                      0x0800027b   Thumb Code     0  startup_stm32f10x_md.o(.text)
    DMA1_Channel1_IRQHandler                 0x0800027b   Thumb Code     0  startup_stm32f10x_md.o(.text)
    DMA1_Channel2_IRQHandler                 0x0800027b   Thumb Code     0  startup_stm32f10x_md.o(.text)
    DMA1_Channel3_IRQHandler                 0x0800027b   Thumb Code     0  startup_stm32f10x_md.o(.text)
    DMA1_Channel4_IRQHandler                 0x0800027b   Thumb Code     0  startup_stm32f10x_md.o(.text)
    DMA1_Channel5_IRQHandler                 0x0800027b   Thumb Code     0  startup_stm32f10x_md.o(.text)
    DMA1_Channel6_IRQHandler                 0x0800027b   Thumb Code     0  startup_stm32f10x_md.o(.text)
    DMA1_Channel7_IRQHandler                 0x0800027b   Thumb Code     0  startup_stm32f10x_md.o(.text)
    EXTI0_IRQHandler                         0x0800027b   Thumb Code     0  startup_stm32f10x_md.o(.text)
    EXTI15_10_IRQHandler                     0x0800027b   Thumb Code     0  startup_stm32f10x_md.o(.text)
    EXTI1_IRQHandler                         0x0800027b   Thumb Code     0  startup_stm32f10x_md.o(.text)
    EXTI2_IRQHandler                         0x0800027b   Thumb Code     0  startup_stm32f10x_md.o(.text)
    EXTI3_IRQHandler                         0x0800027b   Thumb Code     0  startup_stm32f10x_md.o(.text)
    EXTI4_IRQHandler                         0x0800027b   Thumb Code     0  startup_stm32f10x_md.o(.text)
    EXTI9_5_IRQHandler                       0x0800027b   Thumb Code     0  startup_stm32f10x_md.o(.text)
    FLASH_IRQHandler                         0x0800027b   Thumb Code     0  startup_stm32f10x_md.o(.text)
    I2C1_ER_IRQHandler                       0x0800027b   Thumb Code     0  startup_stm32f10x_md.o(.text)
    I2C1_EV_IRQHandler                       0x0800027b   Thumb Code     0  startup_stm32f10x_md.o(.text)
    I2C2_ER_IRQHandler                       0x0800027b   Thumb Code     0  startup_stm32f10x_md.o(.text)
    I2C2_EV_IRQHandler                       0x0800027b   Thumb Code     0  startup_stm32f10x_md.o(.text)
    PVD_IRQHandler                           0x0800027b   Thumb Code     0  startup_stm32f10x_md.o(.text)
    RCC_IRQHandler                           0x0800027b   Thumb Code     0  startup_stm32f10x_md.o(.text)
    RTCAlarm_IRQHandler                      0x0800027b   Thumb Code     0  startup_stm32f10x_md.o(.text)
    RTC_IRQHandler                           0x0800027b   Thumb Code     0  startup_stm32f10x_md.o(.text)
    SPI1_IRQHandler                          0x0800027b   Thumb Code     0  startup_stm32f10x_md.o(.text)
    SPI2_IRQHandler                          0x0800027b   Thumb Code     0  startup_stm32f10x_md.o(.text)
    TAMPER_IRQHandler                        0x0800027b   Thumb Code     0  startup_stm32f10x_md.o(.text)
    TIM1_BRK_IRQHandler                      0x0800027b   Thumb Code     0  startup_stm32f10x_md.o(.text)
    TIM1_CC_IRQHandler                       0x0800027b   Thumb Code     0  startup_stm32f10x_md.o(.text)
    TIM1_TRG_COM_IRQHandler                  0x0800027b   Thumb Code     0  startup_stm32f10x_md.o(.text)
    TIM1_UP_IRQHandler                       0x0800027b   Thumb Code     0  startup_stm32f10x_md.o(.text)
    TIM2_IRQHandler                          0x0800027b   Thumb Code     0  startup_stm32f10x_md.o(.text)
    TIM3_IRQHandler                          0x0800027b   Thumb Code     0  startup_stm32f10x_md.o(.text)
    TIM4_IRQHandler                          0x0800027b   Thumb Code     0  startup_stm32f10x_md.o(.text)
    USART2_IRQHandler                        0x0800027b   Thumb Code     0  startup_stm32f10x_md.o(.text)
    USART3_IRQHandler                        0x0800027b   Thumb Code     0  startup_stm32f10x_md.o(.text)
    USBWakeUp_IRQHandler                     0x0800027b   Thumb Code     0  startup_stm32f10x_md.o(.text)
    USB_HP_CAN1_TX_IRQHandler                0x0800027b   Thumb Code     0  startup_stm32f10x_md.o(.text)
    USB_LP_CAN1_RX0_IRQHandler               0x0800027b   Thumb Code     0  startup_stm32f10x_md.o(.text)
    WWDG_IRQHandler                          0x0800027b   Thumb Code     0  startup_stm32f10x_md.o(.text)
    __user_initial_stackheap                 0x0800027d   Thumb Code     0  startup_stm32f10x_md.o(.text)
    __aeabi_memcpy                           0x080002a1   Thumb Code     0  rt_memcpy_v6.o(.text)
    __rt_memcpy                              0x080002a1   Thumb Code   138  rt_memcpy_v6.o(.text)
    _memcpy_lastbytes                        0x08000307   Thumb Code     0  rt_memcpy_v6.o(.text)
    __use_two_region_memory                  0x0800032b   Thumb Code     2  heapauxi.o(.text)
    __rt_heap_escrow$2region                 0x0800032d   Thumb Code     2  heapauxi.o(.text)
    __rt_heap_expand$2region                 0x0800032f   Thumb Code     2  heapauxi.o(.text)
    __aeabi_memcpy4                          0x08000331   Thumb Code     0  rt_memcpy_w.o(.text)
    __aeabi_memcpy8                          0x08000331   Thumb Code     0  rt_memcpy_w.o(.text)
    __rt_memcpy_w                            0x08000331   Thumb Code   100  rt_memcpy_w.o(.text)
    _memcpy_lastbytes_aligned                0x08000379   Thumb Code     0  rt_memcpy_w.o(.text)
    __user_setup_stackheap                   0x08000395   Thumb Code    74  sys_stackheap_outer.o(.text)
    exit                                     0x080003df   Thumb Code    18  exit.o(.text)
    __user_libspace                          0x080003f1   Thumb Code     8  libspace.o(.text)
    __user_perproc_libspace                  0x080003f1   Thumb Code     0  libspace.o(.text)
    __user_perthread_libspace                0x080003f1   Thumb Code     0  libspace.o(.text)
    _sys_exit                                0x080003f9   Thumb Code     8  sys_exit.o(.text)
    __I$use$semihosting                      0x08000405   Thumb Code     0  use_no_semi.o(.text)
    __use_no_semihosting_swi                 0x08000405   Thumb Code     2  use_no_semi.o(.text)
    ADC_Cmd                                  0x08000407   Thumb Code    22  stm32f10x_adc.o(i.ADC_Cmd)
    __semihosting_library_function           0x08000407   Thumb Code     0  indicate_semi.o(.text)
    ADC_Configuration                        0x0800041d   Thumb Code   148  adc.o(i.ADC_Configuration)
    ADC_DeInit                               0x080004b9   Thumb Code    78  stm32f10x_adc.o(i.ADC_DeInit)
    ADC_GetCalibrationStatus                 0x08000515   Thumb Code    20  stm32f10x_adc.o(i.ADC_GetCalibrationStatus)
    ADC_GetConversionValue                   0x08000529   Thumb Code     8  stm32f10x_adc.o(i.ADC_GetConversionValue)
    ADC_GetFlagStatus                        0x08000531   Thumb Code    18  stm32f10x_adc.o(i.ADC_GetFlagStatus)
    ADC_GetResetCalibrationStatus            0x08000543   Thumb Code    20  stm32f10x_adc.o(i.ADC_GetResetCalibrationStatus)
    ADC_Init                                 0x08000559   Thumb Code    70  stm32f10x_adc.o(i.ADC_Init)
    ADC_RegularChannelConfig                 0x080005a9   Thumb Code   184  stm32f10x_adc.o(i.ADC_RegularChannelConfig)
    ADC_ResetCalibration                     0x08000661   Thumb Code    10  stm32f10x_adc.o(i.ADC_ResetCalibration)
    ADC_SoftwareStartConvCmd                 0x0800066b   Thumb Code    22  stm32f10x_adc.o(i.ADC_SoftwareStartConvCmd)
    ADC_StartCalibration                     0x08000681   Thumb Code    10  stm32f10x_adc.o(i.ADC_StartCalibration)
    BusFault_Handler                         0x0800068b   Thumb Code     4  stm32f10x_it_1.o(i.BusFault_Handler)
    CCS811_measure                           0x0800068f   Thumb Code    34  ccs811.o(i.CCS811_measure)
    CCS811_read                              0x080006b1   Thumb Code   456  ccs811.o(i.CCS811_read)
    CCS811_start                             0x08000885   Thumb Code    80  ccs811.o(i.CCS811_start)
    CCS811_write                             0x080008d9   Thumb Code   238  ccs811.o(i.CCS811_write)
    DMA_Cmd                                  0x080009d5   Thumb Code    24  stm32f10x_dma.o(i.DMA_Cmd)
    DMA_Configuration                        0x080009ed   Thumb Code    52  uart.o(i.DMA_Configuration)
    DMA_DeInit                               0x08000a2d   Thumb Code   324  stm32f10x_dma.o(i.DMA_DeInit)
    DMA_Init                                 0x08000b79   Thumb Code    60  stm32f10x_dma.o(i.DMA_Init)
    DMA_Transfer                             0x08000bb5   Thumb Code    46  uart.o(i.DMA_Transfer)
    DebugMon_Handler                         0x08000be9   Thumb Code     2  stm32f10x_it_1.o(i.DebugMon_Handler)
    Delay_Ms                                 0x08000bed   Thumb Code    36  delay.o(i.Delay_Ms)
    Delay_Us                                 0x08000c15   Thumb Code    34  delay.o(i.Delay_Us)
    GPIO_Configuration                       0x08000c3d   Thumb Code    92  uart.o(i.GPIO_Configuration)
    GPIO_Init                                0x08000ca1   Thumb Code   278  stm32f10x_gpio.o(i.GPIO_Init)
    GPIO_PinRemapConfig                      0x08000db9   Thumb Code   138  stm32f10x_gpio.o(i.GPIO_PinRemapConfig)
    GPIO_ResetBits                           0x08000e49   Thumb Code     4  stm32f10x_gpio.o(i.GPIO_ResetBits)
    GPIO_SetBits                             0x08000e4d   Thumb Code     4  stm32f10x_gpio.o(i.GPIO_SetBits)
    GPIO_WriteBit                            0x08000e51   Thumb Code    10  stm32f10x_gpio.o(i.GPIO_WriteBit)
    HardFault_Handler                        0x08000e5b   Thumb Code     4  stm32f10x_it_1.o(i.HardFault_Handler)
    I2C_AcknowledgeConfig                    0x08000e5f   Thumb Code    24  stm32f10x_i2c.o(i.I2C_AcknowledgeConfig)
    I2C_Cmd                                  0x08000e77   Thumb Code    24  stm32f10x_i2c.o(i.I2C_Cmd)
    I2C_Configuration                        0x08000e91   Thumb Code   196  ccs811.o(i.I2C_Configuration)
    I2C_GenerateSTART                        0x08000f65   Thumb Code    24  stm32f10x_i2c.o(i.I2C_GenerateSTART)
    I2C_GenerateSTOP                         0x08000f7d   Thumb Code    24  stm32f10x_i2c.o(i.I2C_GenerateSTOP)
    I2C_GetFlagStatus                        0x08000f95   Thumb Code    58  stm32f10x_i2c.o(i.I2C_GetFlagStatus)
    I2C_Init                                 0x08000fd1   Thumb Code   222  stm32f10x_i2c.o(i.I2C_Init)
    I2C_ReceiveData                          0x080010bd   Thumb Code     8  stm32f10x_i2c.o(i.I2C_ReceiveData)
    I2C_SendData                             0x080010c5   Thumb Code     4  stm32f10x_i2c.o(i.I2C_SendData)
    KalmanFilter_GP2Y                        0x080010c9   Thumb Code    16  kalman.o(i.KalmanFilter_GP2Y)
    KalmanFilter_eCO2                        0x080010e5   Thumb Code    16  kalman.o(i.KalmanFilter_eCO2)
    KalmanFilter_eTVOC                       0x08001101   Thumb Code    16  kalman.o(i.KalmanFilter_eTVOC)
    MemManage_Handler                        0x0800111d   Thumb Code     4  stm32f10x_it_1.o(i.MemManage_Handler)
    NMI_Handler                              0x08001121   Thumb Code     2  stm32f10x_it_1.o(i.NMI_Handler)
    NVIC_Configuration                       0x08001125   Thumb Code    26  uart.o(i.NVIC_Configuration)
    NVIC_Init                                0x08001145   Thumb Code   100  misc.o(i.NVIC_Init)
    RCC_ADCCLKConfig                         0x080011b5   Thumb Code    18  stm32f10x_rcc.o(i.RCC_ADCCLKConfig)
    RCC_AHBPeriphClockCmd                    0x080011cd   Thumb Code    26  stm32f10x_rcc.o(i.RCC_AHBPeriphClockCmd)
    RCC_APB1PeriphClockCmd                   0x080011ed   Thumb Code    26  stm32f10x_rcc.o(i.RCC_APB1PeriphClockCmd)
    RCC_APB1PeriphResetCmd                   0x0800120d   Thumb Code    26  stm32f10x_rcc.o(i.RCC_APB1PeriphResetCmd)
    RCC_APB2PeriphClockCmd                   0x0800122d   Thumb Code    26  stm32f10x_rcc.o(i.RCC_APB2PeriphClockCmd)
    RCC_APB2PeriphResetCmd                   0x0800124d   Thumb Code    26  stm32f10x_rcc.o(i.RCC_APB2PeriphResetCmd)
    RCC_Configuration                        0x0800126d   Thumb Code    22  uart.o(i.RCC_Configuration)
    RCC_GetClocksFreq                        0x08001285   Thumb Code   192  stm32f10x_rcc.o(i.RCC_GetClocksFreq)
    SysTick_Handler                          0x08001441   Thumb Code    46  port.o(i.SysTick_Handler)
    SystemInit                               0x08001475   Thumb Code    78  system_stm32f10x.o(i.SystemInit)
    TIM4_Configuration                       0x080014d5   Thumb Code    54  delay.o(i.TIM4_Configuration)
    TIM_Cmd                                  0x08001511   Thumb Code    24  stm32f10x_tim.o(i.TIM_Cmd)
    TIM_GetCounter                           0x08001529   Thumb Code     6  stm32f10x_tim.o(i.TIM_GetCounter)
    TIM_SetCounter                           0x0800152f   Thumb Code     4  stm32f10x_tim.o(i.TIM_SetCounter)
    TIM_TimeBaseInit                         0x08001535   Thumb Code   122  stm32f10x_tim.o(i.TIM_TimeBaseInit)
    USART1_IRQHandler                        0x080015d9   Thumb Code    30  uart.o(i.USART1_IRQHandler)
    USART_Cmd                                0x08001601   Thumb Code    24  stm32f10x_usart.o(i.USART_Cmd)
    USART_Configuration                      0x08001619   Thumb Code    52  uart.o(i.USART_Configuration)
    USART_GetITStatus                        0x08001655   Thumb Code    84  stm32f10x_usart.o(i.USART_GetITStatus)
    USART_ITConfig                           0x080016a9   Thumb Code    74  stm32f10x_usart.o(i.USART_ITConfig)
    USART_Init                               0x080016f5   Thumb Code   210  stm32f10x_usart.o(i.USART_Init)
    USART_int_InsertToBuffer                 0x080017cd   Thumb Code    44  uart.o(i.USART_int_InsertToBuffer)
    UsageFault_Handler                       0x080017f9   Thumb Code     4  stm32f10x_it_1.o(i.UsageFault_Handler)
    calc                                     0x080017fd   Thumb Code   134  adc.o(i.calc)
    dust_convert                             0x080018a5   Thumb Code   104  adc.o(i.dust_convert)
    getDustDensity                           0x08001911   Thumb Code    12  adc.o(i.getDustDensity)
    getVoltage                               0x08001921   Thumb Code    12  adc.o(i.getVoltage)
    get_adc                                  0x08001931   Thumb Code    44  adc.o(i.get_adc)
    get_adc_avg                              0x08001961   Thumb Code    38  adc.o(i.get_adc_avg)
    get_eCO2                                 0x08001987   Thumb Code    16  ccs811.o(i.get_eCO2)
    get_eTVOC                                0x08001997   Thumb Code    16  ccs811.o(i.get_eTVOC)
    init_DMA                                 0x080019a9   Thumb Code    86  adc.o(i.init_DMA)
    init_GPIO                                0x08001a0d   Thumb Code    72  adc.o(i.init_GPIO)
    main                                     0x08001a5d   Thumb Code   214  main.o(i.main)
    pvPortMalloc                             0x080020f9   Thumb Code   228  heap_4.o(i.pvPortMalloc)
    pxPortInitialiseStack                    0x080021f5   Thumb Code    30  port.o(i.pxPortInitialiseStack)
    updateEstimate_GP2Y                      0x08002219   Thumb Code   200  kalman.o(i.updateEstimate_GP2Y)
    updateEstimate_eCO2                      0x080022fd   Thumb Code   200  kalman.o(i.updateEstimate_eCO2)
    updateEstimate_eTVOC                     0x080023e9   Thumb Code   200  kalman.o(i.updateEstimate_eTVOC)
    uxListRemove                             0x080024cd   Thumb Code    40  list.o(i.uxListRemove)
    vDustmeasureTask                         0x080024f5   Thumb Code   108  main.o(i.vDustmeasureTask)
    vIAQmeasureTask                          0x0800257d   Thumb Code   204  main.o(i.vIAQmeasureTask)
    vListInitialise                          0x08002669   Thumb Code    26  list.o(i.vListInitialise)
    vListInitialiseItem                      0x08002683   Thumb Code     6  list.o(i.vListInitialiseItem)
    vListInsert                              0x08002689   Thumb Code    52  list.o(i.vListInsert)
    vListInsertEnd                           0x080026bd   Thumb Code    24  list.o(i.vListInsertEnd)
    vPortEnterCritical                       0x080026d5   Thumb Code    30  port.o(i.vPortEnterCritical)
    vPortExitCritical                        0x080026f9   Thumb Code    28  port.o(i.vPortExitCritical)
    vPortFree                                0x08002719   Thumb Code    74  heap_4.o(i.vPortFree)
    vPortSetupTimerInterrupt                 0x08002771   Thumb Code    22  port.o(i.vPortSetupTimerInterrupt)
    vStartupTask                             0x08002789   Thumb Code   156  main.o(i.vStartupTask)
    vTaskDelay                               0x08002839   Thumb Code    46  tasks.o(i.vTaskDelay)
    vTaskInternalSetTimeOutState             0x0800286d   Thumb Code    14  tasks.o(i.vTaskInternalSetTimeOutState)
    vTaskMissedYield                         0x08002885   Thumb Code     8  tasks.o(i.vTaskMissedYield)
    vTaskPlaceOnEventList                    0x08002891   Thumb Code    28  tasks.o(i.vTaskPlaceOnEventList)
    vTaskStartScheduler                      0x080028b1   Thumb Code    76  tasks.o(i.vTaskStartScheduler)
    vTaskSuspendAll                          0x0800291d   Thumb Code    12  tasks.o(i.vTaskSuspendAll)
    vTaskSwitchContext                       0x0800292d   Thumb Code    76  tasks.o(i.vTaskSwitchContext)
    vTransferTask                            0x0800298d   Thumb Code   218  main.o(i.vTransferTask)
    xPortStartScheduler                      0x08002a85   Thumb Code    42  port.o(i.xPortStartScheduler)
    xQueueGenericCreate                      0x08002ab9   Thumb Code    52  queue.o(i.xQueueGenericCreate)
    xQueueGenericReset                       0x08002aed   Thumb Code   122  queue.o(i.xQueueGenericReset)
    xQueueGenericSend                        0x08002b6d   Thumb Code   276  queue.o(i.xQueueGenericSend)
    xQueueReceive                            0x08002c85   Thumb Code   256  queue.o(i.xQueueReceive)
    xQueueSemaphoreTake                      0x08002d89   Thumb Code   234  queue.o(i.xQueueSemaphoreTake)
    xTaskCheckForTimeOut                     0x08002e79   Thumb Code    88  tasks.o(i.xTaskCheckForTimeOut)
    xTaskCreate                              0x08002ed9   Thumb Code    96  tasks.o(i.xTaskCreate)
    xTaskIncrementTick                       0x08002f39   Thumb Code   238  tasks.o(i.xTaskIncrementTick)
    xTaskRemoveFromEventList                 0x08003055   Thumb Code   104  tasks.o(i.xTaskRemoveFromEventList)
    xTaskResumeAll                           0x080030d5   Thumb Code   196  tasks.o(i.xTaskResumeAll)
    __aeabi_d2f                              0x080031bd   Thumb Code     0  d2f.o(x$fpl$d2f)
    _d2f                                     0x080031bd   Thumb Code    98  d2f.o(x$fpl$d2f)
    __aeabi_dadd                             0x08003221   Thumb Code     0  daddsub_clz.o(x$fpl$dadd)
    _dadd                                    0x08003221   Thumb Code   332  daddsub_clz.o(x$fpl$dadd)
    __aeabi_ddiv                             0x08003371   Thumb Code     0  ddiv.o(x$fpl$ddiv)
    _ddiv                                    0x08003371   Thumb Code   552  ddiv.o(x$fpl$ddiv)
    __aeabi_ui2d                             0x08003621   Thumb Code     0  dflt_clz.o(x$fpl$dfltu)
    _dfltu                                   0x08003621   Thumb Code    38  dflt_clz.o(x$fpl$dfltu)
    __aeabi_dmul                             0x08003649   Thumb Code     0  dmul.o(x$fpl$dmul)
    _dmul                                    0x08003649   Thumb Code   332  dmul.o(x$fpl$dmul)
    __fpl_dnaninf                            0x0800379d   Thumb Code   156  dnaninf.o(x$fpl$dnaninf)
    __fpl_dretinf                            0x08003839   Thumb Code    12  dretinf.o(x$fpl$dretinf)
    __aeabi_drsub                            0x08003845   Thumb Code     0  daddsub_clz.o(x$fpl$drsb)
    _drsb                                    0x08003845   Thumb Code    22  daddsub_clz.o(x$fpl$drsb)
    __aeabi_dsub                             0x0800385d   Thumb Code     0  daddsub_clz.o(x$fpl$dsub)
    _dsub                                    0x0800385d   Thumb Code   464  daddsub_clz.o(x$fpl$dsub)
    __aeabi_f2d                              0x08003a31   Thumb Code     0  f2d.o(x$fpl$f2d)
    _f2d                                     0x08003a31   Thumb Code    86  f2d.o(x$fpl$f2d)
    __aeabi_fadd                             0x08003a89   Thumb Code     0  faddsub_clz.o(x$fpl$fadd)
    _fadd                                    0x08003a89   Thumb Code   196  faddsub_clz.o(x$fpl$fadd)
    __aeabi_fdiv                             0x08003b4d   Thumb Code     0  fdiv.o(x$fpl$fdiv)
    _fdiv                                    0x08003b4d   Thumb Code   384  fdiv.o(x$fpl$fdiv)
    __aeabi_f2iz                             0x08003cd1   Thumb Code     0  ffix.o(x$fpl$ffix)
    _ffix                                    0x08003cd1   Thumb Code    54  ffix.o(x$fpl$ffix)
    __aeabi_f2uiz                            0x08003d09   Thumb Code     0  ffixu.o(x$fpl$ffixu)
    _ffixu                                   0x08003d09   Thumb Code    62  ffixu.o(x$fpl$ffixu)
    __aeabi_ui2f                             0x08003d49   Thumb Code     0  fflt_clz.o(x$fpl$ffltu)
    _ffltu                                   0x08003d49   Thumb Code    38  fflt_clz.o(x$fpl$ffltu)
    __aeabi_fmul                             0x08003d71   Thumb Code     0  fmul.o(x$fpl$fmul)
    _fmul                                    0x08003d71   Thumb Code   258  fmul.o(x$fpl$fmul)
    __fpl_fnaninf                            0x08003e73   Thumb Code   140  fnaninf.o(x$fpl$fnaninf)
    __fpl_fretinf                            0x08003eff   Thumb Code    10  fretinf.o(x$fpl$fretinf)
    __aeabi_fsub                             0x08003f09   Thumb Code     0  faddsub_clz.o(x$fpl$fsub)
    _fsub                                    0x08003f09   Thumb Code   234  faddsub_clz.o(x$fpl$fsub)
    __I$use$fp                               0x08003ff2   Number         0  usenofp.o(x$fpl$usenofp)
    Region$$Table$$Base                      0x08003ff4   Number         0  anon$$obj.o(Region$$Table)
    Region$$Table$$Limit                     0x08004014   Number         0  anon$$obj.o(Region$$Table)
    dustDensity                              0x20000000   Data           4  adc.o(.data)
    volMeasured                              0x20000004   Data           4  adc.o(.data)
    calVoltage                               0x20000008   Data           4  adc.o(.data)
    ADC_convertedValue                       0x2000000c   Data           4  adc.o(.data)
    _err_measure_GP2Y                        0x20000010   Data           4  kalman.o(.data)
    _err_measure_eCO2                        0x20000014   Data           4  kalman.o(.data)
    _err_measure_eTVOC                       0x20000018   Data           4  kalman.o(.data)
    _err_estimate_GP2Y                       0x2000001c   Data           4  kalman.o(.data)
    _err_estimate_eCO2                       0x20000020   Data           4  kalman.o(.data)
    _err_estimate_eTVOC                      0x20000024   Data           4  kalman.o(.data)
    _q_GP2Y                                  0x20000028   Data           4  kalman.o(.data)
    _q_eCO2                                  0x2000002c   Data           4  kalman.o(.data)
    _q_eTVOC                                 0x20000030   Data           4  kalman.o(.data)
    _current_estimate_GP2Y                   0x20000034   Data           4  kalman.o(.data)
    _current_estimate_eCO2                   0x20000038   Data           4  kalman.o(.data)
    _current_estimate_eTVOC                  0x2000003c   Data           4  kalman.o(.data)
    _last_estimate_GP2Y                      0x20000040   Data           4  kalman.o(.data)
    _last_estimate_eCO2                      0x20000044   Data           4  kalman.o(.data)
    _last_estimate_eTVOC                     0x20000048   Data           4  kalman.o(.data)
    _kalman_gain_GP2Y                        0x2000004c   Data           4  kalman.o(.data)
    _kalman_gain_eCO2                        0x20000050   Data           4  kalman.o(.data)
    _kalman_gain_eTVOC                       0x20000054   Data           4  kalman.o(.data)
    val                                      0x20000064   Data           4  main.o(.data)
    sum                                      0x20000068   Data           4  main.o(.data)
    GP2Y_est                                 0x2000006c   Data           4  main.o(.data)
    dust_buff                                0x20000070   Data           4  main.o(.data)
    I2C_BUFF                                 0x20000074   Data           8  main.o(.data)
    I2C_TX_BUFF                              0x2000007c   Data           8  main.o(.data)
    I2C_RX_BUFF                              0x20000084   Data           8  main.o(.data)
    IAQ_BUFF                                 0x2000008c   Data           4  main.o(.data)
    eCO2                                     0x20000090   Data           2  main.o(.data)
    eTVOC                                    0x20000092   Data           2  main.o(.data)
    eCO2_est                                 0x20000094   Data           4  main.o(.data)
    eTVOC_est                                0x20000098   Data           4  main.o(.data)
    i                                        0x2000009c   Data           4  main.o(.data)
    temp                                     0x200000a0   Data           4  main.o(.data)
    F1_USART1                                0x200000a4   Data          12  uart.o(.data)
    answer                                   0x200000b0   Data           4  uart.o(.data)
    GPIO_InitStructure                       0x200000b4   Data           4  uart.o(.data)
    NVIC_InitStructure                       0x200000b8   Data           4  uart.o(.data)
    pxCurrentTCB                             0x200000d0   Data           4  tasks.o(.data)
    uxTopUsedPriority                        0x20000108   Data           4  tasks.o(.data)
    Data_frame                               0x20000134   Data          14  main.o(.bss)
    USART1_Buffer                            0x20000144   Data          14  uart.o(.bss)
    USART_InitStructure                      0x20000154   Data          16  uart.o(.bss)
    DMA_InitStructure                        0x20000164   Data          44  uart.o(.bss)
    __libspace_start                         0x20004658   Data          96  libspace.o(.bss)
    __temporary_stack_top$libspace           0x200046b8   Data           0  libspace.o(.bss)



==============================================================================

Memory Map of the image

  Image Entry point : 0x080000ed

  Load Region LR_IROM1 (Base: 0x08000000, Size: 0x00004148, Max: 0x00010000, ABSOLUTE, COMPRESSED[0x00004034])

    Execution Region ER_IROM1 (Exec base: 0x08000000, Load base: 0x08000000, Size: 0x00004014, Max: 0x00010000, ABSOLUTE)

    Exec Addr    Load Addr    Size         Type   Attr      Idx    E Section Name        Object

    0x08000000   0x08000000   0x000000ec   Data   RO          893    RESET               startup_stm32f10x_md.o
    0x080000ec   0x080000ec   0x00000008   Code   RO         3187  * !!!main             c_w.l(__main.o)
    0x080000f4   0x080000f4   0x00000034   Code   RO         3405    !!!scatter          c_w.l(__scatter.o)
    0x08000128   0x08000128   0x0000005a   Code   RO         3403    !!dczerorl2         c_w.l(__dczerorl2.o)
    0x08000182   0x08000182   0x00000002   PAD
    0x08000184   0x08000184   0x0000001c   Code   RO         3407    !!handler_zi        c_w.l(__scatter_zi.o)
    0x080001a0   0x080001a0   0x00000002   Code   RO         3273    .ARM.Collect$$libinit$$00000000  c_w.l(libinit.o)
    0x080001a2   0x080001a2   0x00000000   Code   RO         3280    .ARM.Collect$$libinit$$00000002  c_w.l(libinit2.o)
    0x080001a2   0x080001a2   0x00000000   Code   RO         3282    .ARM.Collect$$libinit$$00000004  c_w.l(libinit2.o)
    0x080001a2   0x080001a2   0x00000000   Code   RO         3285    .ARM.Collect$$libinit$$0000000A  c_w.l(libinit2.o)
    0x080001a2   0x080001a2   0x00000000   Code   RO         3287    .ARM.Collect$$libinit$$0000000C  c_w.l(libinit2.o)
    0x080001a2   0x080001a2   0x00000000   Code   RO         3289    .ARM.Collect$$libinit$$0000000E  c_w.l(libinit2.o)
    0x080001a2   0x080001a2   0x00000000   Code   RO         3292    .ARM.Collect$$libinit$$00000011  c_w.l(libinit2.o)
    0x080001a2   0x080001a2   0x00000000   Code   RO         3294    .ARM.Collect$$libinit$$00000013  c_w.l(libinit2.o)
    0x080001a2   0x080001a2   0x00000000   Code   RO         3296    .ARM.Collect$$libinit$$00000015  c_w.l(libinit2.o)
    0x080001a2   0x080001a2   0x00000000   Code   RO         3298    .ARM.Collect$$libinit$$00000017  c_w.l(libinit2.o)
    0x080001a2   0x080001a2   0x00000000   Code   RO         3300    .ARM.Collect$$libinit$$00000019  c_w.l(libinit2.o)
    0x080001a2   0x080001a2   0x00000000   Code   RO         3302    .ARM.Collect$$libinit$$0000001B  c_w.l(libinit2.o)
    0x080001a2   0x080001a2   0x00000000   Code   RO         3304    .ARM.Collect$$libinit$$0000001D  c_w.l(libinit2.o)
    0x080001a2   0x080001a2   0x00000000   Code   RO         3306    .ARM.Collect$$libinit$$0000001F  c_w.l(libinit2.o)
    0x080001a2   0x080001a2   0x00000000   Code   RO         3308    .ARM.Collect$$libinit$$00000021  c_w.l(libinit2.o)
    0x080001a2   0x080001a2   0x00000000   Code   RO         3310    .ARM.Collect$$libinit$$00000023  c_w.l(libinit2.o)
    0x080001a2   0x080001a2   0x00000000   Code   RO         3312    .ARM.Collect$$libinit$$00000025  c_w.l(libinit2.o)
    0x080001a2   0x080001a2   0x00000000   Code   RO         3316    .ARM.Collect$$libinit$$0000002C  c_w.l(libinit2.o)
    0x080001a2   0x080001a2   0x00000000   Code   RO         3318    .ARM.Collect$$libinit$$0000002E  c_w.l(libinit2.o)
    0x080001a2   0x080001a2   0x00000000   Code   RO         3320    .ARM.Collect$$libinit$$00000030  c_w.l(libinit2.o)
    0x080001a2   0x080001a2   0x00000000   Code   RO         3322    .ARM.Collect$$libinit$$00000032  c_w.l(libinit2.o)
    0x080001a2   0x080001a2   0x00000002   Code   RO         3323    .ARM.Collect$$libinit$$00000033  c_w.l(libinit2.o)
    0x080001a4   0x080001a4   0x00000002   Code   RO         3343    .ARM.Collect$$libshutdown$$00000000  c_w.l(libshutdown.o)
    0x080001a6   0x080001a6   0x00000000   Code   RO         3356    .ARM.Collect$$libshutdown$$00000002  c_w.l(libshutdown2.o)
    0x080001a6   0x080001a6   0x00000000   Code   RO         3358    .ARM.Collect$$libshutdown$$00000004  c_w.l(libshutdown2.o)
    0x080001a6   0x080001a6   0x00000000   Code   RO         3361    .ARM.Collect$$libshutdown$$00000007  c_w.l(libshutdown2.o)
    0x080001a6   0x080001a6   0x00000000   Code   RO         3364    .ARM.Collect$$libshutdown$$0000000A  c_w.l(libshutdown2.o)
    0x080001a6   0x080001a6   0x00000000   Code   RO         3366    .ARM.Collect$$libshutdown$$0000000C  c_w.l(libshutdown2.o)
    0x080001a6   0x080001a6   0x00000000   Code   RO         3369    .ARM.Collect$$libshutdown$$0000000F  c_w.l(libshutdown2.o)
    0x080001a6   0x080001a6   0x00000002   Code   RO         3370    .ARM.Collect$$libshutdown$$00000010  c_w.l(libshutdown2.o)
    0x080001a8   0x080001a8   0x00000000   Code   RO         3237    .ARM.Collect$$rtentry$$00000000  c_w.l(__rtentry.o)
    0x080001a8   0x080001a8   0x00000000   Code   RO         3250    .ARM.Collect$$rtentry$$00000002  c_w.l(__rtentry2.o)
    0x080001a8   0x080001a8   0x00000006   Code   RO         3262    .ARM.Collect$$rtentry$$00000004  c_w.l(__rtentry4.o)
    0x080001ae   0x080001ae   0x00000000   Code   RO         3252    .ARM.Collect$$rtentry$$00000009  c_w.l(__rtentry2.o)
    0x080001ae   0x080001ae   0x00000004   Code   RO         3253    .ARM.Collect$$rtentry$$0000000A  c_w.l(__rtentry2.o)
    0x080001b2   0x080001b2   0x00000000   Code   RO         3255    .ARM.Collect$$rtentry$$0000000C  c_w.l(__rtentry2.o)
    0x080001b2   0x080001b2   0x00000008   Code   RO         3256    .ARM.Collect$$rtentry$$0000000D  c_w.l(__rtentry2.o)
    0x080001ba   0x080001ba   0x00000002   Code   RO         3277    .ARM.Collect$$rtexit$$00000000  c_w.l(rtexit.o)
    0x080001bc   0x080001bc   0x00000000   Code   RO         3325    .ARM.Collect$$rtexit$$00000002  c_w.l(rtexit2.o)
    0x080001bc   0x080001bc   0x00000004   Code   RO         3326    .ARM.Collect$$rtexit$$00000003  c_w.l(rtexit2.o)
    0x080001c0   0x080001c0   0x00000006   Code   RO         3327    .ARM.Collect$$rtexit$$00000004  c_w.l(rtexit2.o)
    0x080001c6   0x080001c6   0x00000002   PAD
    0x080001c8   0x080001c8   0x00000096   Code   RO         3104    .emb_text           port.o
    0x0800025e   0x0800025e   0x00000002   PAD
    0x08000260   0x08000260   0x00000040   Code   RO          894    .text               startup_stm32f10x_md.o
    0x080002a0   0x080002a0   0x0000008a   Code   RO         3183    .text               c_w.l(rt_memcpy_v6.o)
    0x0800032a   0x0800032a   0x00000006   Code   RO         3185    .text               c_w.l(heapauxi.o)
    0x08000330   0x08000330   0x00000064   Code   RO         3238    .text               c_w.l(rt_memcpy_w.o)
    0x08000394   0x08000394   0x0000004a   Code   RO         3264    .text               c_w.l(sys_stackheap_outer.o)
    0x080003de   0x080003de   0x00000012   Code   RO         3266    .text               c_w.l(exit.o)
    0x080003f0   0x080003f0   0x00000008   Code   RO         3274    .text               c_w.l(libspace.o)
    0x080003f8   0x080003f8   0x0000000c   Code   RO         3335    .text               c_w.l(sys_exit.o)
    0x08000404   0x08000404   0x00000002   Code   RO         3346    .text               c_w.l(use_no_semi.o)
    0x08000406   0x08000406   0x00000000   Code   RO         3348    .text               c_w.l(indicate_semi.o)
    0x08000406   0x08000406   0x00000016   Code   RO         2297    i.ADC_Cmd           stm32f10x_adc.o
    0x0800041c   0x0800041c   0x0000009c   Code   RO          150    i.ADC_Configuration  adc.o
    0x080004b8   0x080004b8   0x0000005c   Code   RO         2299    i.ADC_DeInit        stm32f10x_adc.o
    0x08000514   0x08000514   0x00000014   Code   RO         2305    i.ADC_GetCalibrationStatus  stm32f10x_adc.o
    0x08000528   0x08000528   0x00000008   Code   RO         2306    i.ADC_GetConversionValue  stm32f10x_adc.o
    0x08000530   0x08000530   0x00000012   Code   RO         2308    i.ADC_GetFlagStatus  stm32f10x_adc.o
    0x08000542   0x08000542   0x00000014   Code   RO         2311    i.ADC_GetResetCalibrationStatus  stm32f10x_adc.o
    0x08000556   0x08000556   0x00000002   PAD
    0x08000558   0x08000558   0x00000050   Code   RO         2315    i.ADC_Init          stm32f10x_adc.o
    0x080005a8   0x080005a8   0x000000b8   Code   RO         2319    i.ADC_RegularChannelConfig  stm32f10x_adc.o
    0x08000660   0x08000660   0x0000000a   Code   RO         2320    i.ADC_ResetCalibration  stm32f10x_adc.o
    0x0800066a   0x0800066a   0x00000016   Code   RO         2322    i.ADC_SoftwareStartConvCmd  stm32f10x_adc.o
    0x08000680   0x08000680   0x0000000a   Code   RO         2324    i.ADC_StartCalibration  stm32f10x_adc.o
    0x0800068a   0x0800068a   0x00000004   Code   RO         2525    i.BusFault_Handler  stm32f10x_it_1.o
    0x0800068e   0x0800068e   0x00000022   Code   RO          231    i.CCS811_measure    ccs811.o
    0x080006b0   0x080006b0   0x000001d4   Code   RO          232    i.CCS811_read       ccs811.o
    0x08000884   0x08000884   0x00000054   Code   RO          233    i.CCS811_start      ccs811.o
    0x080008d8   0x080008d8   0x000000fc   Code   RO          234    i.CCS811_write      ccs811.o
    0x080009d4   0x080009d4   0x00000018   Code   RO         1241    i.DMA_Cmd           stm32f10x_dma.o
    0x080009ec   0x080009ec   0x00000040   Code   RO          592    i.DMA_Configuration  uart.o
    0x08000a2c   0x08000a2c   0x0000014c   Code   RO         1242    i.DMA_DeInit        stm32f10x_dma.o
    0x08000b78   0x08000b78   0x0000003c   Code   RO         1247    i.DMA_Init          stm32f10x_dma.o
    0x08000bb4   0x08000bb4   0x00000034   Code   RO          593    i.DMA_Transfer      uart.o
    0x08000be8   0x08000be8   0x00000002   Code   RO         2526    i.DebugMon_Handler  stm32f10x_it_1.o
    0x08000bea   0x08000bea   0x00000002   PAD
    0x08000bec   0x08000bec   0x00000028   Code   RO          294    i.Delay_Ms          delay.o
    0x08000c14   0x08000c14   0x00000028   Code   RO          295    i.Delay_Us          delay.o
    0x08000c3c   0x08000c3c   0x00000064   Code   RO          595    i.GPIO_Configuration  uart.o
    0x08000ca0   0x08000ca0   0x00000116   Code   RO          907    i.GPIO_Init         stm32f10x_gpio.o
    0x08000db6   0x08000db6   0x00000002   PAD
    0x08000db8   0x08000db8   0x00000090   Code   RO          909    i.GPIO_PinRemapConfig  stm32f10x_gpio.o
    0x08000e48   0x08000e48   0x00000004   Code   RO          914    i.GPIO_ResetBits    stm32f10x_gpio.o
    0x08000e4c   0x08000e4c   0x00000004   Code   RO          915    i.GPIO_SetBits      stm32f10x_gpio.o
    0x08000e50   0x08000e50   0x0000000a   Code   RO          918    i.GPIO_WriteBit     stm32f10x_gpio.o
    0x08000e5a   0x08000e5a   0x00000004   Code   RO         2527    i.HardFault_Handler  stm32f10x_it_1.o
    0x08000e5e   0x08000e5e   0x00000018   Code   RO         1324    i.I2C_AcknowledgeConfig  stm32f10x_i2c.o
    0x08000e76   0x08000e76   0x00000018   Code   RO         1329    i.I2C_Cmd           stm32f10x_i2c.o
    0x08000e8e   0x08000e8e   0x00000002   PAD
    0x08000e90   0x08000e90   0x000000d4   Code   RO          235    i.I2C_Configuration  ccs811.o
    0x08000f64   0x08000f64   0x00000018   Code   RO         1336    i.I2C_GenerateSTART  stm32f10x_i2c.o
    0x08000f7c   0x08000f7c   0x00000018   Code   RO         1337    i.I2C_GenerateSTOP  stm32f10x_i2c.o
    0x08000f94   0x08000f94   0x0000003a   Code   RO         1338    i.I2C_GetFlagStatus  stm32f10x_i2c.o
    0x08000fce   0x08000fce   0x00000002   PAD
    0x08000fd0   0x08000fd0   0x000000ec   Code   RO         1343    i.I2C_Init          stm32f10x_i2c.o
    0x080010bc   0x080010bc   0x00000008   Code   RO         1348    i.I2C_ReceiveData   stm32f10x_i2c.o
    0x080010c4   0x080010c4   0x00000004   Code   RO         1351    i.I2C_SendData      stm32f10x_i2c.o
    0x080010c8   0x080010c8   0x0000001c   Code   RO          327    i.KalmanFilter_GP2Y  kalman.o
    0x080010e4   0x080010e4   0x0000001c   Code   RO          328    i.KalmanFilter_eCO2  kalman.o
    0x08001100   0x08001100   0x0000001c   Code   RO          329    i.KalmanFilter_eTVOC  kalman.o
    0x0800111c   0x0800111c   0x00000004   Code   RO         2528    i.MemManage_Handler  stm32f10x_it_1.o
    0x08001120   0x08001120   0x00000002   Code   RO         2529    i.NMI_Handler       stm32f10x_it_1.o
    0x08001122   0x08001122   0x00000002   PAD
    0x08001124   0x08001124   0x00000020   Code   RO          596    i.NVIC_Configuration  uart.o
    0x08001144   0x08001144   0x00000070   Code   RO            4    i.NVIC_Init         misc.o
    0x080011b4   0x080011b4   0x00000018   Code   RO         1027    i.RCC_ADCCLKConfig  stm32f10x_rcc.o
    0x080011cc   0x080011cc   0x00000020   Code   RO         1028    i.RCC_AHBPeriphClockCmd  stm32f10x_rcc.o
    0x080011ec   0x080011ec   0x00000020   Code   RO         1029    i.RCC_APB1PeriphClockCmd  stm32f10x_rcc.o
    0x0800120c   0x0800120c   0x00000020   Code   RO         1030    i.RCC_APB1PeriphResetCmd  stm32f10x_rcc.o
    0x0800122c   0x0800122c   0x00000020   Code   RO         1031    i.RCC_APB2PeriphClockCmd  stm32f10x_rcc.o
    0x0800124c   0x0800124c   0x00000020   Code   RO         1032    i.RCC_APB2PeriphResetCmd  stm32f10x_rcc.o
    0x0800126c   0x0800126c   0x00000016   Code   RO          597    i.RCC_Configuration  uart.o
    0x08001282   0x08001282   0x00000002   PAD
    0x08001284   0x08001284   0x000000d4   Code   RO         1039    i.RCC_GetClocksFreq  stm32f10x_rcc.o
    0x08001358   0x08001358   0x00000008   Code   RO          826    i.SetSysClock       system_stm32f10x.o
    0x08001360   0x08001360   0x000000e0   Code   RO          827    i.SetSysClockTo72   system_stm32f10x.o
    0x08001440   0x08001440   0x00000034   Code   RO         3105    i.SysTick_Handler   port.o
    0x08001474   0x08001474   0x00000060   Code   RO          829    i.SystemInit        system_stm32f10x.o
    0x080014d4   0x080014d4   0x0000003c   Code   RO          296    i.TIM4_Configuration  delay.o
    0x08001510   0x08001510   0x00000018   Code   RO         1747    i.TIM_Cmd           stm32f10x_tim.o
    0x08001528   0x08001528   0x00000006   Code   RO         1766    i.TIM_GetCounter    stm32f10x_tim.o
    0x0800152e   0x0800152e   0x00000004   Code   RO         1812    i.TIM_SetCounter    stm32f10x_tim.o
    0x08001532   0x08001532   0x00000002   PAD
    0x08001534   0x08001534   0x000000a4   Code   RO         1818    i.TIM_TimeBaseInit  stm32f10x_tim.o
    0x080015d8   0x080015d8   0x00000028   Code   RO          598    i.USART1_IRQHandler  uart.o
    0x08001600   0x08001600   0x00000018   Code   RO         1543    i.USART_Cmd         stm32f10x_usart.o
    0x08001618   0x08001618   0x0000003c   Code   RO          602    i.USART_Configuration  uart.o
    0x08001654   0x08001654   0x00000054   Code   RO         1547    i.USART_GetITStatus  stm32f10x_usart.o
    0x080016a8   0x080016a8   0x0000004a   Code   RO         1549    i.USART_ITConfig    stm32f10x_usart.o
    0x080016f2   0x080016f2   0x00000002   PAD
    0x080016f4   0x080016f4   0x000000d8   Code   RO         1550    i.USART_Init        stm32f10x_usart.o
    0x080017cc   0x080017cc   0x0000002c   Code   RO          609    i.USART_int_InsertToBuffer  uart.o
    0x080017f8   0x080017f8   0x00000004   Code   RO         2530    i.UsageFault_Handler  stm32f10x_it_1.o
    0x080017fc   0x080017fc   0x000000a8   Code   RO          151    i.calc              adc.o
    0x080018a4   0x080018a4   0x0000006c   Code   RO          152    i.dust_convert      adc.o
    0x08001910   0x08001910   0x00000010   Code   RO          153    i.getDustDensity    adc.o
    0x08001920   0x08001920   0x00000010   Code   RO          154    i.getVoltage        adc.o
    0x08001930   0x08001930   0x00000030   Code   RO          155    i.get_adc           adc.o
    0x08001960   0x08001960   0x00000026   Code   RO          156    i.get_adc_avg       adc.o
    0x08001986   0x08001986   0x00000010   Code   RO          236    i.get_eCO2          ccs811.o
    0x08001996   0x08001996   0x00000010   Code   RO          237    i.get_eTVOC         ccs811.o
    0x080019a6   0x080019a6   0x00000002   PAD
    0x080019a8   0x080019a8   0x00000064   Code   RO          157    i.init_DMA          adc.o
    0x08001a0c   0x08001a0c   0x00000050   Code   RO          158    i.init_GPIO         adc.o
    0x08001a5c   0x08001a5c   0x00000140   Code   RO          472    i.main              main.o
    0x08001b9c   0x08001b9c   0x00000098   Code   RO         2761    i.prvAddCurrentTaskToDelayedList  tasks.o
    0x08001c34   0x08001c34   0x000000b4   Code   RO         2762    i.prvAddNewTaskToReadyList  tasks.o
    0x08001ce8   0x08001ce8   0x00000048   Code   RO         2763    i.prvCheckTasksWaitingTermination  tasks.o
    0x08001d30   0x08001d30   0x0000002a   Code   RO         2622    i.prvCopyDataFromQueue  queue.o
    0x08001d5a   0x08001d5a   0x0000006a   Code   RO         2623    i.prvCopyDataToQueue  queue.o
    0x08001dc4   0x08001dc4   0x00000012   Code   RO         2764    i.prvDeleteTCB      tasks.o
    0x08001dd6   0x08001dd6   0x00000002   PAD
    0x08001dd8   0x08001dd8   0x0000007c   Code   RO         3049    i.prvHeapInit       heap_4.o
    0x08001e54   0x08001e54   0x00000028   Code   RO         2765    i.prvIdleTask       tasks.o
    0x08001e7c   0x08001e7c   0x00000026   Code   RO         2624    i.prvInitialiseNewQueue  queue.o
    0x08001ea2   0x08001ea2   0x0000008a   Code   RO         2766    i.prvInitialiseNewTask  tasks.o
    0x08001f2c   0x08001f2c   0x00000068   Code   RO         2767    i.prvInitialiseTaskLists  tasks.o
    0x08001f94   0x08001f94   0x00000068   Code   RO         3050    i.prvInsertBlockIntoFreeList  heap_4.o
    0x08001ffc   0x08001ffc   0x0000001a   Code   RO         2625    i.prvIsQueueEmpty   queue.o
    0x08002016   0x08002016   0x0000001e   Code   RO         2626    i.prvIsQueueFull    queue.o
    0x08002034   0x08002034   0x00000030   Code   RO         2768    i.prvResetNextTaskUnblockTime  tasks.o
    0x08002064   0x08002064   0x00000016   Code   RO         3106    i.prvTaskExitError  port.o
    0x0800207a   0x0800207a   0x0000007e   Code   RO         2627    i.prvUnlockQueue    queue.o
    0x080020f8   0x080020f8   0x000000fc   Code   RO         3051    i.pvPortMalloc      heap_4.o
    0x080021f4   0x080021f4   0x00000024   Code   RO         3107    i.pxPortInitialiseStack  port.o
    0x08002218   0x08002218   0x000000e4   Code   RO          345    i.updateEstimate_GP2Y  kalman.o
    0x080022fc   0x080022fc   0x000000ec   Code   RO          346    i.updateEstimate_eCO2  kalman.o
    0x080023e8   0x080023e8   0x000000e4   Code   RO          347    i.updateEstimate_eTVOC  kalman.o
    0x080024cc   0x080024cc   0x00000028   Code   RO         2583    i.uxListRemove      list.o
    0x080024f4   0x080024f4   0x00000088   Code   RO          473    i.vDustmeasureTask  main.o
    0x0800257c   0x0800257c   0x000000ec   Code   RO          474    i.vIAQmeasureTask   main.o
    0x08002668   0x08002668   0x0000001a   Code   RO         2584    i.vListInitialise   list.o
    0x08002682   0x08002682   0x00000006   Code   RO         2585    i.vListInitialiseItem  list.o
    0x08002688   0x08002688   0x00000034   Code   RO         2586    i.vListInsert       list.o
    0x080026bc   0x080026bc   0x00000018   Code   RO         2587    i.vListInsertEnd    list.o
    0x080026d4   0x080026d4   0x00000024   Code   RO         3109    i.vPortEnterCritical  port.o
    0x080026f8   0x080026f8   0x00000020   Code   RO         3110    i.vPortExitCritical  port.o
    0x08002718   0x08002718   0x00000058   Code   RO         3052    i.vPortFree         heap_4.o
    0x08002770   0x08002770   0x00000016   Code   RO         3111    i.vPortSetupTimerInterrupt  port.o
    0x08002786   0x08002786   0x00000002   PAD
    0x08002788   0x08002788   0x000000b0   Code   RO          476    i.vStartupTask      main.o
    0x08002838   0x08002838   0x00000034   Code   RO         2776    i.vTaskDelay        tasks.o
    0x0800286c   0x0800286c   0x00000018   Code   RO         2780    i.vTaskInternalSetTimeOutState  tasks.o
    0x08002884   0x08002884   0x0000000c   Code   RO         2781    i.vTaskMissedYield  tasks.o
    0x08002890   0x08002890   0x00000020   Code   RO         2782    i.vTaskPlaceOnEventList  tasks.o
    0x080028b0   0x080028b0   0x0000006c   Code   RO         2788    i.vTaskStartScheduler  tasks.o
    0x0800291c   0x0800291c   0x00000010   Code   RO         2790    i.vTaskSuspendAll   tasks.o
    0x0800292c   0x0800292c   0x00000060   Code   RO         2791    i.vTaskSwitchContext  tasks.o
    0x0800298c   0x0800298c   0x000000f8   Code   RO          477    i.vTransferTask     main.o
    0x08002a84   0x08002a84   0x00000034   Code   RO         3112    i.xPortStartScheduler  port.o
    0x08002ab8   0x08002ab8   0x00000034   Code   RO         2632    i.xQueueGenericCreate  queue.o
    0x08002aec   0x08002aec   0x00000080   Code   RO         2633    i.xQueueGenericReset  queue.o
    0x08002b6c   0x08002b6c   0x00000118   Code   RO         2634    i.xQueueGenericSend  queue.o
    0x08002c84   0x08002c84   0x00000104   Code   RO         2641    i.xQueueReceive     queue.o
    0x08002d88   0x08002d88   0x000000f0   Code   RO         2643    i.xQueueSemaphoreTake  queue.o
    0x08002e78   0x08002e78   0x00000060   Code   RO         2793    i.xTaskCheckForTimeOut  tasks.o
    0x08002ed8   0x08002ed8   0x00000060   Code   RO         2794    i.xTaskCreate       tasks.o
    0x08002f38   0x08002f38   0x0000011c   Code   RO         2802    i.xTaskIncrementTick  tasks.o
    0x08003054   0x08003054   0x00000080   Code   RO         2803    i.xTaskRemoveFromEventList  tasks.o
    0x080030d4   0x080030d4   0x000000e8   Code   RO         2804    i.xTaskResumeAll    tasks.o
    0x080031bc   0x080031bc   0x00000062   Code   RO         3189    x$fpl$d2f           fz_ws.l(d2f.o)
    0x0800321e   0x0800321e   0x00000002   PAD
    0x08003220   0x08003220   0x00000150   Code   RO         3191    x$fpl$dadd          fz_ws.l(daddsub_clz.o)
    0x08003370   0x08003370   0x000002b0   Code   RO         3198    x$fpl$ddiv          fz_ws.l(ddiv.o)
    0x08003620   0x08003620   0x00000026   Code   RO         3201    x$fpl$dfltu         fz_ws.l(dflt_clz.o)
    0x08003646   0x08003646   0x00000002   PAD
    0x08003648   0x08003648   0x00000154   Code   RO         3207    x$fpl$dmul          fz_ws.l(dmul.o)
    0x0800379c   0x0800379c   0x0000009c   Code   RO         3240    x$fpl$dnaninf       fz_ws.l(dnaninf.o)
    0x08003838   0x08003838   0x0000000c   Code   RO         3242    x$fpl$dretinf       fz_ws.l(dretinf.o)
    0x08003844   0x08003844   0x00000016   Code   RO         3192    x$fpl$drsb          fz_ws.l(daddsub_clz.o)
    0x0800385a   0x0800385a   0x00000002   PAD
    0x0800385c   0x0800385c   0x000001d4   Code   RO         3193    x$fpl$dsub          fz_ws.l(daddsub_clz.o)
    0x08003a30   0x08003a30   0x00000056   Code   RO         3209    x$fpl$f2d           fz_ws.l(f2d.o)
    0x08003a86   0x08003a86   0x00000002   PAD
    0x08003a88   0x08003a88   0x000000c4   Code   RO         3211    x$fpl$fadd          fz_ws.l(faddsub_clz.o)
    0x08003b4c   0x08003b4c   0x00000184   Code   RO         3218    x$fpl$fdiv          fz_ws.l(fdiv.o)
    0x08003cd0   0x08003cd0   0x00000036   Code   RO         3221    x$fpl$ffix          fz_ws.l(ffix.o)
    0x08003d06   0x08003d06   0x00000002   PAD
    0x08003d08   0x08003d08   0x0000003e   Code   RO         3225    x$fpl$ffixu         fz_ws.l(ffixu.o)
    0x08003d46   0x08003d46   0x00000002   PAD
    0x08003d48   0x08003d48   0x00000026   Code   RO         3229    x$fpl$ffltu         fz_ws.l(fflt_clz.o)
    0x08003d6e   0x08003d6e   0x00000002   PAD
    0x08003d70   0x08003d70   0x00000102   Code   RO         3235    x$fpl$fmul          fz_ws.l(fmul.o)
    0x08003e72   0x08003e72   0x0000008c   Code   RO         3244    x$fpl$fnaninf       fz_ws.l(fnaninf.o)
    0x08003efe   0x08003efe   0x0000000a   Code   RO         3246    x$fpl$fretinf       fz_ws.l(fretinf.o)
    0x08003f08   0x08003f08   0x000000ea   Code   RO         3213    x$fpl$fsub          fz_ws.l(faddsub_clz.o)
    0x08003ff2   0x08003ff2   0x00000000   Code   RO         3248    x$fpl$usenofp       fz_ws.l(usenofp.o)
    0x08003ff2   0x08003ff2   0x00000002   PAD
    0x08003ff4   0x08003ff4   0x00000020   Data   RO         3401    Region$$Table       anon$$obj.o


    Execution Region RW_IRAM1 (Exec base: 0x20000000, Load base: 0x08004014, Size: 0x00004cb8, Max: 0x00005000, ABSOLUTE, COMPRESSED[0x00000020])

    Exec Addr    Load Addr    Size         Type   Attr      Idx    E Section Name        Object

    0x20000000   COMPRESSED   0x00000010   Data   RW          159    .data               adc.o
    0x20000010   COMPRESSED   0x00000048   Data   RW          348    .data               kalman.o
    0x20000058   COMPRESSED   0x0000004c   Data   RW          479    .data               main.o
    0x200000a4   COMPRESSED   0x00000018   Data   RW          612    .data               uart.o
    0x200000bc   COMPRESSED   0x00000014   Data   RW         1059    .data               stm32f10x_rcc.o
    0x200000d0   COMPRESSED   0x00000040   Data   RW         2807    .data               tasks.o
    0x20000110   COMPRESSED   0x00000020   Data   RW         3058    .data               heap_4.o
    0x20000130   COMPRESSED   0x00000004   Data   RW         3113    .data               port.o
    0x20000134        -       0x0000000e   Zero   RW          478    .bss                main.o
    0x20000142   COMPRESSED   0x00000002   PAD
    0x20000144        -       0x0000004c   Zero   RW          611    .bss                uart.o
    0x20000190        -       0x000000c8   Zero   RW         2806    .bss                tasks.o
    0x20000258        -       0x00004400   Zero   RW         3057    .bss                heap_4.o
    0x20004658        -       0x00000060   Zero   RW         3275    .bss                c_w.l(libspace.o)
    0x200046b8        -       0x00000200   Zero   RW          892    HEAP                startup_stm32f10x_md.o
    0x200048b8        -       0x00000400   Zero   RW          891    STACK               startup_stm32f10x_md.o


==============================================================================

Image component sizes


      Code (inc. data)   RO Data    RW Data    ZI Data      Debug   Object Name

       730         80          0         16          0       5155   adc.o
      1082         46          0          0          0       4640   ccs811.o
       140         16          0          0          0       1407   delay.o
         0          0          0          0          0      13448   event_groups.o
       568         72          0         32      17408       3883   heap_4.o
       776        128          0         72          0       4490   kalman.o
       148          0          0          0          0       3090   list.o
      1116        216          0         76         14      16916   main.o
       112         12          0          0          0     281192   misc.o
       402         44          0          4          0       9000   port.o
      1328         20          0          0          0      12017   queue.o
        64         26        236          0       1536        964   startup_stm32f10x_md.o
       486         24          0          0          0       9866   stm32f10x_adc.o
       416          8          0          0          0       3962   stm32f10x_dma.o
       440          6          0          0          0       5170   stm32f10x_gpio.o
       402         14          0          0          0       7405   stm32f10x_i2c.o
        20          0          0          0          0       2433   stm32f10x_it_1.o
       396         56          0         20          0       7631   stm32f10x_rcc.o
       198         42          0          0          0       3447   stm32f10x_tim.o
       398          6          0          0          0       5082   stm32f10x_usart.o
       328         28          0          0          0       1893   system_stm32f10x.o
      1928        314          0         64        200      26867   tasks.o
       414         50          0         24         76       4571   uart.o

    ----------------------------------------------------------------------
     11918       1208        268        308      19236     434529   Object Totals
         0          0         32          0          0          0   (incl. Generated)
        26          0          0          0          2          0   (incl. Padding)

    ----------------------------------------------------------------------

      Code (inc. data)   RO Data    RW Data    ZI Data      Debug   Library Member Name

        90          0          0          0          0          0   __dczerorl2.o
         8          0          0          0          0         68   __main.o
         0          0          0          0          0          0   __rtentry.o
        12          0          0          0          0          0   __rtentry2.o
         6          0          0          0          0          0   __rtentry4.o
        52          8          0          0          0          0   __scatter.o
        28          0          0          0          0          0   __scatter_zi.o
        18          0          0          0          0         80   exit.o
         6          0          0          0          0        152   heapauxi.o
         0          0          0          0          0          0   indicate_semi.o
         2          0          0          0          0          0   libinit.o
         2          0          0          0          0          0   libinit2.o
         2          0          0          0          0          0   libshutdown.o
         2          0          0          0          0          0   libshutdown2.o
         8          4          0          0         96         68   libspace.o
       138          0          0          0          0         68   rt_memcpy_v6.o
       100          0          0          0          0         80   rt_memcpy_w.o
         2          0          0          0          0          0   rtexit.o
        10          0          0          0          0          0   rtexit2.o
        12          4          0          0          0         68   sys_exit.o
        74          0          0          0          0         80   sys_stackheap_outer.o
         2          0          0          0          0         68   use_no_semi.o
        98          4          0          0          0         92   d2f.o
       826         16          0          0          0        348   daddsub_clz.o
       688        140          0          0          0        208   ddiv.o
        38          0          0          0          0         68   dflt_clz.o
       340         12          0          0          0        104   dmul.o
       156          4          0          0          0         92   dnaninf.o
        12          0          0          0          0         68   dretinf.o
        86          4          0          0          0         84   f2d.o
       430          8          0          0          0        168   faddsub_clz.o
       388         76          0          0          0         96   fdiv.o
        54          4          0          0          0         84   ffix.o
        62          4          0          0          0         84   ffixu.o
        38          0          0          0          0         68   fflt_clz.o
       258          4          0          0          0         84   fmul.o
       140          4          0          0          0         84   fnaninf.o
        10          0          0          0          0         68   fretinf.o
         0          0          0          0          0          0   usenofp.o

    ----------------------------------------------------------------------
      4218        296          0          0         96       2532   Library Totals
        20          0          0          0          0          0   (incl. Padding)

    ----------------------------------------------------------------------

      Code (inc. data)   RO Data    RW Data    ZI Data      Debug   Library Name

       574         16          0          0         96        732   c_w.l
      3624        280          0          0          0       1800   fz_ws.l

    ----------------------------------------------------------------------
      4218        296          0          0         96       2532   Library Totals

    ----------------------------------------------------------------------

==============================================================================


      Code (inc. data)   RO Data    RW Data    ZI Data      Debug   

     16136       1504        268        308      19332     428841   Grand Totals
     16136       1504        268         32      19332     428841   ELF Image Totals (compressed)
     16136       1504        268         32          0          0   ROM Totals

==============================================================================

    Total RO  Size (Code + RO Data)                16404 (  16.02kB)
    Total RW  Size (RW Data + ZI Data)             19640 (  19.18kB)
    Total ROM Size (Code + RO Data + RW Data)      16436 (  16.05kB)

==============================================================================

