<html>
<body>
<pre>
<h1>µVision Build Log</h1>
<h2>Tool Versions:</h2>
IDE-Version: µVision V5.25.2.0
Copyright (C) 2018 ARM Ltd and ARM Germany GmbH. All rights reserved.
License Information: 123 abc, 123, LIC=PE7DL-0A9UY-BS9YX-H2BTL-8RH70-25XNZ
 
Tool Versions:
Toolchain:       MDK-ARM Plus  Version: 5.25.2.0
Toolchain Path:  C:\Keil_v5\ARM\ARMCC\Bin
C Compiler:      Armcc.exe V5.06 update 6 (build 750)
Assembler:       Armasm.exe V5.06 update 6 (build 750)
Linker/Locator:  ArmLink.exe V5.06 update 6 (build 750)
Library Manager: ArmAr.exe V5.06 update 6 (build 750)
Hex Converter:   FromElf.exe V5.06 update 6 (build 750)
CPU DLL:         SARMCM3.DLL V5.25.2.0
Dialog DLL:      DCM.DLL V1.17.1.0
Target DLL:      STLink\ST-LINKIII-KEIL_SWO.dll V3.0.1.0
Dialog DLL:      TCM.DLL V1.35.1.0
 
<h2>Project:</h2>
C:\Users\user\Documents\STM32\Project\UART\UART.uvprojx
Project File Date:  04/01/2021

<h2>Output:</h2>
*** Using Compiler 'V5.06 update 6 (build 750)', folder: 'C:\Keil_v5\ARM\ARMCC\Bin'
Build target 'UART'
compiling main.c...
delay.h(11): warning:  #1-D: last line of file ends without a newline
  #endif
UART.h(63): warning:  #1-D: last line of file ends without a newline
  #endif 
main.c(51): warning:  #188-D: enumerated type mixed with another type
  		GPIO_WriteBit(GPIOB, GPIO_Pin_12, 0);
main.c(60): warning:  #188-D: enumerated type mixed with another type
  		GPIO_WriteBit(GPIOB, GPIO_Pin_12, 1);
main.c: 4 warnings, 0 errors
compiling UART.c...
delay.h(11): warning:  #1-D: last line of file ends without a newline
  #endif
UART.h(63): warning:  #1-D: last line of file ends without a newline
  #endif 
UART.c(189): warning:  #940-D: missing return statement at end of non-void function "USART_INT_GetUsart" 
  }
UART.c(187): warning:  #550-D: variable "u"  was set but never used
  	USART_t* u;
UART.c(340): warning:  #1-D: last line of file ends without a newline
  }
UART.c: 5 warnings, 0 errors
linking...
Program Size: Code=2840 RO-data=268 RW-data=52 ZI-data=1708  
".\Objects\UART.axf" - 0 Error(s), 9 Warning(s).

<h2>Software Packages used:</h2>

Package Vendor: ARM
                http://www.keil.com/pack/ARM.CMSIS.5.3.0.pack
                ARM.CMSIS.5.3.0
                CMSIS (Cortex Microcontroller Software Interface Standard)
   * Component: CORE Version: 5.1.1

Package Vendor: Keil
                http://www.keil.com/pack/Keil.STM32F1xx_DFP.2.3.0.pack
                Keil.STM32F1xx_DFP.2.3.0
                STMicroelectronics STM32F1 Series Device Support, Drivers and Examples

<h2>Collection of Component include folders:</h2>
  .\RTE\_UART
  C:\Keil_v5\ARM\PACK\ARM\CMSIS\5.3.0\CMSIS\Include
  C:\Keil_v5\ARM\PACK\Keil\STM32F1xx_DFP\2.3.0\Device\Include

<h2>Collection of Component Files used:</h2>

   * Component: ARM::CMSIS:CORE:5.1.1
Build Time Elapsed:  00:00:01
</pre>
</body>
</html>
